2026-03-31 17:43:11,150 - aqt.main - INFO - installer 13936 aqtinstall(aqt) v3.3.0 on Python 3.14.3 [CPython MSC v.1944 64 bit (AMD64)]
2026-03-31 17:43:11,151 - aqt.helper - DEBUG - helper 13936 Attempt to download checksum at https://download.qt.io/online/qtsdkrepository/windows_x86/desktop/qt6_683/qt6_683/Updates.xml.sha256
2026-03-31 17:43:12,555 - aqt.helper - DEBUG - helper 13936 Attempt to download checksum at https://download.qt.io/online/qtsdkrepository/windows_x86/extensions/qtwebengine/683/msvc2022_64/Updates.xml.sha256
2026-03-31 17:43:13,880 - aqt.archives - INFO - archives 13936 Found extension qtwebengine
2026-03-31 17:43:13,891 - aqt.helper - DEBUG - helper 13936 Attempt to download checksum at https://download.qt.io/online/qtsdkrepository/windows_x86/extensions/qtpdf/683/msvc2022_64/Updates.xml.sha256
2026-03-31 17:43:15,240 - aqt.archives - INFO - archives 13936 Found extension qtpdf
2026-03-31 17:43:15,683 - aqt.helper - DEBUG - helper 19332 Attempt to download checksum at https://download.qt.io/online/qtsdkrepository/windows_x86/desktop/qt6_683/qt6_683/qt.qt6.683.addons.qtpositioning.win64_msvc2022_64/6.8.3-0-202503201308qtpositioning-Windows-Windows_11_23H2-MSVC2022-Windows-Windows_11_23H2-X86_64.7z.sha256
2026-03-31 17:43:15,683 - aqt.helper - DEBUG - helper 22752 Attempt to download checksum at https://download.qt.io/online/qtsdkrepository/windows_x86/desktop/qt6_683/qt6_683/qt.qt6.683.win64_msvc2022_64/6.8.3-0-202503201308qtbase-Windows-Windows_11_23H2-MSVC2022-Windows-Windows_11_23H2-X86_64.7z.sha256
2026-03-31 17:43:15,683 - aqt.helper - DEBUG - helper 2444 Attempt to download checksum at https://download.qt.io/online/qtsdkrepository/windows_x86/desktop/qt6_683/qt6_683/qt.qt6.683.win64_msvc2022_64/6.8.3-0-202503201308qtsvg-Windows-Windows_11_23H2-MSVC2022-Windows-Windows_11_23H2-X86_64.7z.sha256
2026-03-31 17:43:15,683 - aqt.helper - DEBUG - helper 8572 Attempt to download checksum at https://download.qt.io/online/qtsdkrepository/windows_x86/desktop/qt6_683/qt6_683/qt.qt6.683.win64_msvc2022_64/6.8.3-0-202503201308qtdeclarative-Windows-Windows_11_23H2-MSVC2022-Windows-Windows_11_23H2-X86_64.7z.sha256
2026-03-31 17:43:16,791 - aqt.helper - INFO - helper 22752 Downloading qtbase...
2026-03-31 17:43:16,791 - aqt.helper - INFO - helper 19332 Downloading qtpositioning...
2026-03-31 17:43:16,791 - aqt.helper - INFO - helper 8572 Downloading qtdeclarative...
2026-03-31 17:43:16,791 - aqt.helper - INFO - helper 2444 Downloading qtsvg...
2026-03-31 17:43:16,792 - aqt.installer - DEBUG - installer 22752 Download URL: https://download.qt.io/online/qtsdkrepository/windows_x86/desktop/qt6_683/qt6_683/qt.qt6.683.win64_msvc2022_64/6.8.3-0-202503201308qtbase-Windows-Windows_11_23H2-MSVC2022-Windows-Windows_11_23H2-X86_64.7z
2026-03-31 17:43:16,792 - aqt.installer - DEBUG - installer 19332 Download URL: https://download.qt.io/online/qtsdkrepository/windows_x86/desktop/qt6_683/qt6_683/qt.qt6.683.addons.qtpositioning.win64_msvc2022_64/6.8.3-0-202503201308qtpositioning-Windows-Windows_11_23H2-MSVC2022-Windows-Windows_11_23H2-X86_64.7z
2026-03-31 17:43:16,792 - aqt.installer - DEBUG - installer 8572 Download URL: https://download.qt.io/online/qtsdkrepository/windows_x86/desktop/qt6_683/qt6_683/qt.qt6.683.win64_msvc2022_64/6.8.3-0-202503201308qtdeclarative-Windows-Windows_11_23H2-MSVC2022-Windows-Windows_11_23H2-X86_64.7z
2026-03-31 17:43:16,792 - aqt.installer - DEBUG - installer 2444 Download URL: https://download.qt.io/online/qtsdkrepository/windows_x86/desktop/qt6_683/qt6_683/qt.qt6.683.win64_msvc2022_64/6.8.3-0-202503201308qtsvg-Windows-Windows_11_23H2-MSVC2022-Windows-Windows_11_23H2-X86_64.7z
2026-03-31 17:43:17,586 - aqt.helper - DEBUG - helper 19332 Asked to redirect(302) to: https://www.nic.funet.fi/pub/mirrors/download.qt-project.org/online/qtsdkrepository/windows_x86/desktop/qt6_683/qt6_683/qt.qt6.683.addons.qtpositioning.win64_msvc2022_64/6.8.3-0-202503201308qtpositioning-Windows-Windows_11_23H2-MSVC2022-Windows-Windows_11_23H2-X86_64.7z
2026-03-31 17:43:17,586 - aqt.helper - INFO - helper 19332 Redirected: www.nic.funet.fi
2026-03-31 17:43:17,587 - aqt.helper - DEBUG - helper 22752 Asked to redirect(302) to: https://www.nic.funet.fi/pub/mirrors/download.qt-project.org/online/qtsdkrepository/windows_x86/desktop/qt6_683/qt6_683/qt.qt6.683.win64_msvc2022_64/6.8.3-0-202503201308qtbase-Windows-Windows_11_23H2-MSVC2022-Windows-Windows_11_23H2-X86_64.7z
2026-03-31 17:43:17,587 - aqt.helper - INFO - helper 22752 Redirected: www.nic.funet.fi
2026-03-31 17:43:17,589 - aqt.helper - DEBUG - helper 8572 Asked to redirect(302) to: https://www.nic.funet.fi/pub/mirrors/download.qt-project.org/online/qtsdkrepository/windows_x86/desktop/qt6_683/qt6_683/qt.qt6.683.win64_msvc2022_64/6.8.3-0-202503201308qtdeclarative-Windows-Windows_11_23H2-MSVC2022-Windows-Windows_11_23H2-X86_64.7z
2026-03-31 17:43:17,589 - aqt.helper - INFO - helper 8572 Redirected: www.nic.funet.fi
2026-03-31 17:43:17,590 - aqt.helper - DEBUG - helper 2444 Asked to redirect(302) to: https://www.nic.funet.fi/pub/mirrors/download.qt-project.org/online/qtsdkrepository/windows_x86/desktop/qt6_683/qt6_683/qt.qt6.683.win64_msvc2022_64/6.8.3-0-202503201308qtsvg-Windows-Windows_11_23H2-MSVC2022-Windows-Windows_11_23H2-X86_64.7z
2026-03-31 17:43:17,590 - aqt.helper - INFO - helper 2444 Redirected: www.nic.funet.fi
2026-03-31 17:43:19,152 - aqt.installer - INFO - installer 2444 Finished installation of qtsvg-Windows-Windows_11_23H2-MSVC2022-Windows-Windows_11_23H2-X86_64.7z in 3.47106890
2026-03-31 17:43:19,167 - aqt.helper - DEBUG - helper 2444 Attempt to download checksum at https://download.qt.io/online/qtsdkrepository/windows_x86/desktop/qt6_683/qt6_683/qt.qt6.683.win64_msvc2022_64/6.8.3-0-202503201308qttools-Windows-Windows_11_23H2-MSVC2022-Windows-Windows_11_23H2-X86_64.7z.sha256
2026-03-31 17:43:19,483 - aqt.installer - INFO - installer 19332 Finished installation of qtpositioning-Windows-Windows_11_23H2-MSVC2022-Windows-Windows_11_23H2-X86_64.7z in 3.80175380
2026-03-31 17:43:19,497 - aqt.helper - DEBUG - helper 19332 Attempt to download checksum at https://download.qt.io/online/qtsdkrepository/windows_x86/desktop/qt6_683/qt6_683/qt.qt6.683.win64_msvc2022_64/6.8.3-0-202503201308qttranslations-Windows-Windows_11_23H2-MSVC2022-Windows-Windows_11_23H2-X86_64.7z.sha256
2026-03-31 17:43:19,886 - aqt.helper - INFO - helper 2444 Downloading qttools...
2026-03-31 17:43:19,886 - aqt.installer - DEBUG - installer 2444 Download URL: https://download.qt.io/online/qtsdkrepository/windows_x86/desktop/qt6_683/qt6_683/qt.qt6.683.win64_msvc2022_64/6.8.3-0-202503201308qttools-Windows-Windows_11_23H2-MSVC2022-Windows-Windows_11_23H2-X86_64.7z
2026-03-31 17:43:20,211 - aqt.helper - INFO - helper 19332 Downloading qttranslations...
2026-03-31 17:43:20,211 - aqt.installer - DEBUG - installer 19332 Download URL: https://download.qt.io/online/qtsdkrepository/windows_x86/desktop/qt6_683/qt6_683/qt.qt6.683.win64_msvc2022_64/6.8.3-0-202503201308qttranslations-Windows-Windows_11_23H2-MSVC2022-Windows-Windows_11_23H2-X86_64.7z
2026-03-31 17:43:20,557 - aqt.helper - DEBUG - helper 2444 Asked to redirect(302) to: https://www.nic.funet.fi/pub/mirrors/download.qt-project.org/online/qtsdkrepository/windows_x86/desktop/qt6_683/qt6_683/qt.qt6.683.win64_msvc2022_64/6.8.3-0-202503201308qttools-Windows-Windows_11_23H2-MSVC2022-Windows-Windows_11_23H2-X86_64.7z
2026-03-31 17:43:20,557 - aqt.helper - INFO - helper 2444 Redirected: www.nic.funet.fi
2026-03-31 17:43:20,929 - aqt.helper - DEBUG - helper 19332 Asked to redirect(302) to: https://www.nic.funet.fi/pub/mirrors/download.qt-project.org/online/qtsdkrepository/windows_x86/desktop/qt6_683/qt6_683/qt.qt6.683.win64_msvc2022_64/6.8.3-0-202503201308qttranslations-Windows-Windows_11_23H2-MSVC2022-Windows-Windows_11_23H2-X86_64.7z
2026-03-31 17:43:20,929 - aqt.helper - INFO - helper 19332 Redirected: www.nic.funet.fi
2026-03-31 17:43:24,698 - aqt.installer - INFO - installer 19332 Finished installation of qttranslations-Windows-Windows_11_23H2-MSVC2022-Windows-Windows_11_23H2-X86_64.7z in 5.20422850
2026-03-31 17:43:24,710 - aqt.helper - DEBUG - helper 19332 Attempt to download checksum at https://download.qt.io/online/qtsdkrepository/windows_x86/desktop/qt6_683/qt6_683/qt.qt6.683.win64_msvc2022_64/6.8.3-0-202503201308d3dcompiler_47-x64.7z.sha256
2026-03-31 17:43:25,620 - aqt.helper - INFO - helper 19332 Downloading d3dcompiler_47...
2026-03-31 17:43:25,620 - aqt.installer - DEBUG - installer 19332 Download URL: https://download.qt.io/online/qtsdkrepository/windows_x86/desktop/qt6_683/qt6_683/qt.qt6.683.win64_msvc2022_64/6.8.3-0-202503201308d3dcompiler_47-x64.7z
2026-03-31 17:43:26,357 - aqt.helper - DEBUG - helper 19332 Asked to redirect(302) to: https://www.nic.funet.fi/pub/mirrors/download.qt-project.org/online/qtsdkrepository/windows_x86/desktop/qt6_683/qt6_683/qt.qt6.683.win64_msvc2022_64/6.8.3-0-202503201308d3dcompiler_47-x64.7z
2026-03-31 17:43:26,357 - aqt.helper - INFO - helper 19332 Redirected: www.nic.funet.fi
2026-03-31 17:43:28,083 - aqt.installer - INFO - installer 19332 Finished installation of d3dcompiler_47-x64.7z in 3.37535970
2026-03-31 17:43:28,095 - aqt.helper - DEBUG - helper 19332 Attempt to download checksum at https://download.qt.io/online/qtsdkrepository/windows_x86/desktop/qt6_683/qt6_683/qt.qt6.683.win64_msvc2022_64/6.8.3-0-202503201308opengl32sw-64-mesa_11_2_2-signed_sha256.7z.sha256
2026-03-31 17:43:28,796 - aqt.helper - INFO - helper 19332 Downloading opengl32sw...
2026-03-31 17:43:28,797 - aqt.installer - DEBUG - installer 19332 Download URL: https://download.qt.io/online/qtsdkrepository/windows_x86/desktop/qt6_683/qt6_683/qt.qt6.683.win64_msvc2022_64/6.8.3-0-202503201308opengl32sw-64-mesa_11_2_2-signed_sha256.7z
2026-03-31 17:43:29,556 - aqt.helper - DEBUG - helper 19332 Asked to redirect(302) to: https://www.nic.funet.fi/pub/mirrors/download.qt-project.org/online/qtsdkrepository/windows_x86/desktop/qt6_683/qt6_683/qt.qt6.683.win64_msvc2022_64/6.8.3-0-202503201308opengl32sw-64-mesa_11_2_2-signed_sha256.7z
2026-03-31 17:43:29,556 - aqt.helper - INFO - helper 19332 Redirected: www.nic.funet.fi
2026-03-31 17:43:31,970 - aqt.installer - INFO - installer 19332 Finished installation of opengl32sw-64-mesa_11_2_2-signed_sha256.7z in 3.87725870
2026-03-31 17:43:37,067 - aqt.installer - INFO - installer 2444 Finished installation of qttools-Windows-Windows_11_23H2-MSVC2022-Windows-Windows_11_23H2-X86_64.7z in 17.90337020
2026-03-31 17:43:41,572 - aqt.installer - INFO - installer 22752 Finished installation of qtbase-Windows-Windows_11_23H2-MSVC2022-Windows-Windows_11_23H2-X86_64.7z in 25.89089850
2026-03-31 17:44:01,181 - aqt.installer - INFO - installer 8572 Finished installation of qtdeclarative-Windows-Windows_11_23H2-MSVC2022-Windows-Windows_11_23H2-X86_64.7z in 45.49979550
2026-03-31 17:44:01,386 - aqt.updater - INFO - updater 13936 Patching C:\Qt-6.8.3\6.8.3\msvc2022_64\bin\qmake.exe
2026-03-31 17:44:01,391 - aqt.updater - INFO - updater 13936 Patching C:\Qt-6.8.3\6.8.3\msvc2022_64\lib\Qt6Concurrent.prl
2026-03-31 17:44:01,392 - aqt.updater - INFO - updater 13936 Patching C:\Qt-6.8.3\6.8.3\msvc2022_64\lib\Qt6Concurrentd.prl
2026-03-31 17:44:01,393 - aqt.updater - INFO - updater 13936 Patching C:\Qt-6.8.3\6.8.3\msvc2022_64\lib\Qt6Core.prl
2026-03-31 17:44:01,395 - aqt.updater - INFO - updater 13936 Patching C:\Qt-6.8.3\6.8.3\msvc2022_64\lib\Qt6Cored.prl
2026-03-31 17:44:01,396 - aqt.updater - INFO - updater 13936 Patching C:\Qt-6.8.3\6.8.3\msvc2022_64\lib\Qt6DBus.prl
2026-03-31 17:44:01,397 - aqt.updater - INFO - updater 13936 Patching C:\Qt-6.8.3\6.8.3\msvc2022_64\lib\Qt6DBusd.prl
2026-03-31 17:44:01,398 - aqt.updater - INFO - updater 13936 Patching C:\Qt-6.8.3\6.8.3\msvc2022_64\lib\Qt6Designer.prl
2026-03-31 17:44:01,400 - aqt.updater - INFO - updater 13936 Patching C:\Qt-6.8.3\6.8.3\msvc2022_64\lib\Qt6DesignerComponents.prl
2026-03-31 17:44:01,401 - aqt.updater - INFO - updater 13936 Patching C:\Qt-6.8.3\6.8.3\msvc2022_64\lib\Qt6DesignerComponentsd.prl
2026-03-31 17:44:01,402 - aqt.updater - INFO - updater 13936 Patching C:\Qt-6.8.3\6.8.3\msvc2022_64\lib\Qt6Designerd.prl
2026-03-31 17:44:01,404 - aqt.updater - INFO - updater 13936 Patching C:\Qt-6.8.3\6.8.3\msvc2022_64\lib\Qt6DeviceDiscoverySupport.prl
2026-03-31 17:44:01,405 - aqt.updater - INFO - updater 13936 Patching C:\Qt-6.8.3\6.8.3\msvc2022_64\lib\Qt6DeviceDiscoverySupportd.prl
2026-03-31 17:44:01,413 - aqt.updater - INFO - updater 13936 Patching C:\Qt-6.8.3\6.8.3\msvc2022_64\lib\Qt6EntryPoint.prl
2026-03-31 17:44:01,415 - aqt.updater - INFO - updater 13936 Patching C:\Qt-6.8.3\6.8.3\msvc2022_64\lib\Qt6EntryPointd.prl
2026-03-31 17:44:01,421 - aqt.updater - INFO - updater 13936 Patching C:\Qt-6.8.3\6.8.3\msvc2022_64\lib\Qt6ExampleIcons.prl
2026-03-31 17:44:01,422 - aqt.updater - INFO - updater 13936 Patching C:\Qt-6.8.3\6.8.3\msvc2022_64\lib\Qt6ExampleIconsd.prl
2026-03-31 17:44:01,430 - aqt.updater - INFO - updater 13936 Patching C:\Qt-6.8.3\6.8.3\msvc2022_64\lib\Qt6ExamplesAssetDownloader.prl
2026-03-31 17:44:01,431 - aqt.updater - INFO - updater 13936 Patching C:\Qt-6.8.3\6.8.3\msvc2022_64\lib\Qt6ExamplesAssetDownloaderd.prl
2026-03-31 17:44:01,433 - aqt.updater - INFO - updater 13936 Patching C:\Qt-6.8.3\6.8.3\msvc2022_64\lib\Qt6FbSupport.prl
2026-03-31 17:44:01,434 - aqt.updater - INFO - updater 13936 Patching C:\Qt-6.8.3\6.8.3\msvc2022_64\lib\Qt6FbSupportd.prl
2026-03-31 17:44:01,436 - aqt.updater - INFO - updater 13936 Patching C:\Qt-6.8.3\6.8.3\msvc2022_64\lib\Qt6FFmpegMediaPluginImpl.prl
2026-03-31 17:44:01,445 - aqt.updater - INFO - updater 13936 Patching C:\Qt-6.8.3\6.8.3\msvc2022_64\lib\Qt6FFmpegMediaPluginImpld.prl
2026-03-31 17:44:01,447 - aqt.updater - INFO - updater 13936 Patching C:\Qt-6.8.3\6.8.3\msvc2022_64\lib\Qt6Gui.prl
2026-03-31 17:44:01,449 - aqt.updater - INFO - updater 13936 Patching C:\Qt-6.8.3\6.8.3\msvc2022_64\lib\Qt6Guid.prl
2026-03-31 17:44:01,450 - aqt.updater - INFO - updater 13936 Patching C:\Qt-6.8.3\6.8.3\msvc2022_64\lib\Qt6Help.prl
2026-03-31 17:44:01,451 - aqt.updater - INFO - updater 13936 Patching C:\Qt-6.8.3\6.8.3\msvc2022_64\lib\Qt6Helpd.prl
2026-03-31 17:44:01,452 - aqt.updater - INFO - updater 13936 Patching C:\Qt-6.8.3\6.8.3\msvc2022_64\lib\Qt6LabsAnimation.prl
2026-03-31 17:44:01,454 - aqt.updater - INFO - updater 13936 Patching C:\Qt-6.8.3\6.8.3\msvc2022_64\lib\Qt6LabsAnimationd.prl
2026-03-31 17:44:01,455 - aqt.updater - INFO - updater 13936 Patching C:\Qt-6.8.3\6.8.3\msvc2022_64\lib\Qt6LabsFolderListModel.prl
2026-03-31 17:44:01,463 - aqt.updater - INFO - updater 13936 Patching C:\Qt-6.8.3\6.8.3\msvc2022_64\lib\Qt6LabsFolderListModeld.prl
2026-03-31 17:44:01,464 - aqt.updater - INFO - updater 13936 Patching C:\Qt-6.8.3\6.8.3\msvc2022_64\lib\Qt6LabsPlatform.prl
2026-03-31 17:44:01,466 - aqt.updater - INFO - updater 13936 Patching C:\Qt-6.8.3\6.8.3\msvc2022_64\lib\Qt6LabsPlatformd.prl
2026-03-31 17:44:01,472 - aqt.updater - INFO - updater 13936 Patching C:\Qt-6.8.3\6.8.3\msvc2022_64\lib\Qt6LabsQmlModels.prl
2026-03-31 17:44:01,473 - aqt.updater - INFO - updater 13936 Patching C:\Qt-6.8.3\6.8.3\msvc2022_64\lib\Qt6LabsQmlModelsd.prl
2026-03-31 17:44:01,475 - aqt.updater - INFO - updater 13936 Patching C:\Qt-6.8.3\6.8.3\msvc2022_64\lib\Qt6LabsSettings.prl
2026-03-31 17:44:01,476 - aqt.updater - INFO - updater 13936 Patching C:\Qt-6.8.3\6.8.3\msvc2022_64\lib\Qt6LabsSettingsd.prl
2026-03-31 17:44:01,478 - aqt.updater - INFO - updater 13936 Patching C:\Qt-6.8.3\6.8.3\msvc2022_64\lib\Qt6LabsSharedImage.prl
2026-03-31 17:44:01,479 - aqt.updater - INFO - updater 13936 Patching C:\Qt-6.8.3\6.8.3\msvc2022_64\lib\Qt6LabsSharedImaged.prl
2026-03-31 17:44:01,480 - aqt.updater - INFO - updater 13936 Patching C:\Qt-6.8.3\6.8.3\msvc2022_64\lib\Qt6LabsWavefrontMesh.prl
2026-03-31 17:44:01,481 - aqt.updater - INFO - updater 13936 Patching C:\Qt-6.8.3\6.8.3\msvc2022_64\lib\Qt6LabsWavefrontMeshd.prl
2026-03-31 17:44:01,483 - aqt.updater - INFO - updater 13936 Patching C:\Qt-6.8.3\6.8.3\msvc2022_64\lib\Qt6Multimedia.prl
2026-03-31 17:44:01,484 - aqt.updater - INFO - updater 13936 Patching C:\Qt-6.8.3\6.8.3\msvc2022_64\lib\Qt6Multimediad.prl
2026-03-31 17:44:01,485 - aqt.updater - INFO - updater 13936 Patching C:\Qt-6.8.3\6.8.3\msvc2022_64\lib\Qt6MultimediaQuick.prl
2026-03-31 17:44:01,486 - aqt.updater - INFO - updater 13936 Patching C:\Qt-6.8.3\6.8.3\msvc2022_64\lib\Qt6MultimediaQuickd.prl
2026-03-31 17:44:01,494 - aqt.updater - INFO - updater 13936 Patching C:\Qt-6.8.3\6.8.3\msvc2022_64\lib\Qt6MultimediaTestLib.prl
2026-03-31 17:44:01,496 - aqt.updater - INFO - updater 13936 Patching C:\Qt-6.8.3\6.8.3\msvc2022_64\lib\Qt6MultimediaTestLibd.prl
2026-03-31 17:44:01,497 - aqt.updater - INFO - updater 13936 Patching C:\Qt-6.8.3\6.8.3\msvc2022_64\lib\Qt6MultimediaWidgets.prl
2026-03-31 17:44:01,498 - aqt.updater - INFO - updater 13936 Patching C:\Qt-6.8.3\6.8.3\msvc2022_64\lib\Qt6MultimediaWidgetsd.prl
2026-03-31 17:44:01,505 - aqt.updater - INFO - updater 13936 Patching C:\Qt-6.8.3\6.8.3\msvc2022_64\lib\Qt6Network.prl
2026-03-31 17:44:01,507 - aqt.updater - INFO - updater 13936 Patching C:\Qt-6.8.3\6.8.3\msvc2022_64\lib\Qt6Networkd.prl
2026-03-31 17:44:01,508 - aqt.updater - INFO - updater 13936 Patching C:\Qt-6.8.3\6.8.3\msvc2022_64\lib\Qt6OpenGL.prl
2026-03-31 17:44:01,516 - aqt.updater - INFO - updater 13936 Patching C:\Qt-6.8.3\6.8.3\msvc2022_64\lib\Qt6OpenGLd.prl
2026-03-31 17:44:01,517 - aqt.updater - INFO - updater 13936 Patching C:\Qt-6.8.3\6.8.3\msvc2022_64\lib\Qt6OpenGLWidgets.prl
2026-03-31 17:44:01,518 - aqt.updater - INFO - updater 13936 Patching C:\Qt-6.8.3\6.8.3\msvc2022_64\lib\Qt6OpenGLWidgetsd.prl
2026-03-31 17:44:01,520 - aqt.updater - INFO - updater 13936 Patching C:\Qt-6.8.3\6.8.3\msvc2022_64\lib\Qt6PacketProtocol.prl
2026-03-31 17:44:01,521 - aqt.updater - INFO - updater 13936 Patching C:\Qt-6.8.3\6.8.3\msvc2022_64\lib\Qt6PacketProtocold.prl
2026-03-31 17:44:01,528 - aqt.updater - INFO - updater 13936 Patching C:\Qt-6.8.3\6.8.3\msvc2022_64\lib\Qt6Positioning.prl
2026-03-31 17:44:01,536 - aqt.updater - INFO - updater 13936 Patching C:\Qt-6.8.3\6.8.3\msvc2022_64\lib\Qt6Positioningd.prl
2026-03-31 17:44:01,542 - aqt.updater - INFO - updater 13936 Patching C:\Qt-6.8.3\6.8.3\msvc2022_64\lib\Qt6PositioningQuick.prl
2026-03-31 17:44:01,550 - aqt.updater - INFO - updater 13936 Patching C:\Qt-6.8.3\6.8.3\msvc2022_64\lib\Qt6PositioningQuickd.prl
2026-03-31 17:44:01,556 - aqt.updater - INFO - updater 13936 Patching C:\Qt-6.8.3\6.8.3\msvc2022_64\lib\Qt6PrintSupport.prl
2026-03-31 17:44:01,563 - aqt.updater - INFO - updater 13936 Patching C:\Qt-6.8.3\6.8.3\msvc2022_64\lib\Qt6PrintSupportd.prl
2026-03-31 17:44:01,565 - aqt.updater - INFO - updater 13936 Patching C:\Qt-6.8.3\6.8.3\msvc2022_64\lib\Qt6Qml.prl
2026-03-31 17:44:01,566 - aqt.updater - INFO - updater 13936 Patching C:\Qt-6.8.3\6.8.3\msvc2022_64\lib\Qt6QmlAssetDownloader.prl
2026-03-31 17:44:01,567 - aqt.updater - INFO - updater 13936 Patching C:\Qt-6.8.3\6.8.3\msvc2022_64\lib\Qt6QmlAssetDownloaderd.prl
2026-03-31 17:44:01,575 - aqt.updater - INFO - updater 13936 Patching C:\Qt-6.8.3\6.8.3\msvc2022_64\lib\Qt6QmlCompiler.prl
2026-03-31 17:44:01,577 - aqt.updater - INFO - updater 13936 Patching C:\Qt-6.8.3\6.8.3\msvc2022_64\lib\Qt6QmlCompilerd.prl
2026-03-31 17:44:01,584 - aqt.updater - INFO - updater 13936 Patching C:\Qt-6.8.3\6.8.3\msvc2022_64\lib\Qt6QmlCore.prl
2026-03-31 17:44:01,586 - aqt.updater - INFO - updater 13936 Patching C:\Qt-6.8.3\6.8.3\msvc2022_64\lib\Qt6QmlCored.prl
2026-03-31 17:44:01,587 - aqt.updater - INFO - updater 13936 Patching C:\Qt-6.8.3\6.8.3\msvc2022_64\lib\Qt6Qmld.prl
2026-03-31 17:44:01,595 - aqt.updater - INFO - updater 13936 Patching C:\Qt-6.8.3\6.8.3\msvc2022_64\lib\Qt6QmlDebug.prl
2026-03-31 17:44:01,596 - aqt.updater - INFO - updater 13936 Patching C:\Qt-6.8.3\6.8.3\msvc2022_64\lib\Qt6QmlDebugd.prl
2026-03-31 17:44:01,598 - aqt.updater - INFO - updater 13936 Patching C:\Qt-6.8.3\6.8.3\msvc2022_64\lib\Qt6QmlDom.prl
2026-03-31 17:44:01,599 - aqt.updater - INFO - updater 13936 Patching C:\Qt-6.8.3\6.8.3\msvc2022_64\lib\Qt6QmlDomd.prl
2026-03-31 17:44:01,600 - aqt.updater - INFO - updater 13936 Patching C:\Qt-6.8.3\6.8.3\msvc2022_64\lib\Qt6QmlLocalStorage.prl
2026-03-31 17:44:01,601 - aqt.updater - INFO - updater 13936 Patching C:\Qt-6.8.3\6.8.3\msvc2022_64\lib\Qt6QmlLocalStoraged.prl
2026-03-31 17:44:01,603 - aqt.updater - INFO - updater 13936 Patching C:\Qt-6.8.3\6.8.3\msvc2022_64\lib\Qt6QmlLS.prl
2026-03-31 17:44:01,610 - aqt.updater - INFO - updater 13936 Patching C:\Qt-6.8.3\6.8.3\msvc2022_64\lib\Qt6QmlLSd.prl
2026-03-31 17:44:01,612 - aqt.updater - INFO - updater 13936 Patching C:\Qt-6.8.3\6.8.3\msvc2022_64\lib\Qt6QmlMeta.prl
2026-03-31 17:44:01,614 - aqt.updater - INFO - updater 13936 Patching C:\Qt-6.8.3\6.8.3\msvc2022_64\lib\Qt6QmlMetad.prl
2026-03-31 17:44:01,615 - aqt.updater - INFO - updater 13936 Patching C:\Qt-6.8.3\6.8.3\msvc2022_64\lib\Qt6QmlModels.prl
2026-03-31 17:44:01,616 - aqt.updater - INFO - updater 13936 Patching C:\Qt-6.8.3\6.8.3\msvc2022_64\lib\Qt6QmlModelsd.prl
2026-03-31 17:44:01,617 - aqt.updater - INFO - updater 13936 Patching C:\Qt-6.8.3\6.8.3\msvc2022_64\lib\Qt6QmlNetwork.prl
2026-03-31 17:44:01,624 - aqt.updater - INFO - updater 13936 Patching C:\Qt-6.8.3\6.8.3\msvc2022_64\lib\Qt6QmlNetworkd.prl
2026-03-31 17:44:01,626 - aqt.updater - INFO - updater 13936 Patching C:\Qt-6.8.3\6.8.3\msvc2022_64\lib\Qt6QmlToolingSettings.prl
2026-03-31 17:44:01,634 - aqt.updater - INFO - updater 13936 Patching C:\Qt-6.8.3\6.8.3\msvc2022_64\lib\Qt6QmlToolingSettingsd.prl
2026-03-31 17:44:01,635 - aqt.updater - INFO - updater 13936 Patching C:\Qt-6.8.3\6.8.3\msvc2022_64\lib\Qt6QmlTypeRegistrar.prl
2026-03-31 17:44:01,642 - aqt.updater - INFO - updater 13936 Patching C:\Qt-6.8.3\6.8.3\msvc2022_64\lib\Qt6QmlTypeRegistrard.prl
2026-03-31 17:44:01,644 - aqt.updater - INFO - updater 13936 Patching C:\Qt-6.8.3\6.8.3\msvc2022_64\lib\Qt6QmlWorkerScript.prl
2026-03-31 17:44:01,646 - aqt.updater - INFO - updater 13936 Patching C:\Qt-6.8.3\6.8.3\msvc2022_64\lib\Qt6QmlWorkerScriptd.prl
2026-03-31 17:44:01,653 - aqt.updater - INFO - updater 13936 Patching C:\Qt-6.8.3\6.8.3\msvc2022_64\lib\Qt6QmlXmlListModel.prl
2026-03-31 17:44:01,654 - aqt.updater - INFO - updater 13936 Patching C:\Qt-6.8.3\6.8.3\msvc2022_64\lib\Qt6QmlXmlListModeld.prl
2026-03-31 17:44:01,656 - aqt.updater - INFO - updater 13936 Patching C:\Qt-6.8.3\6.8.3\msvc2022_64\lib\Qt6Quick.prl
2026-03-31 17:44:01,657 - aqt.updater - INFO - updater 13936 Patching C:\Qt-6.8.3\6.8.3\msvc2022_64\lib\Qt6Quick3DSpatialAudio.prl
2026-03-31 17:44:01,658 - aqt.updater - INFO - updater 13936 Patching C:\Qt-6.8.3\6.8.3\msvc2022_64\lib\Qt6Quick3DSpatialAudiod.prl
2026-03-31 17:44:01,659 - aqt.updater - INFO - updater 13936 Patching C:\Qt-6.8.3\6.8.3\msvc2022_64\lib\Qt6QuickControls2.prl
2026-03-31 17:44:01,667 - aqt.updater - INFO - updater 13936 Patching C:\Qt-6.8.3\6.8.3\msvc2022_64\lib\Qt6QuickControls2Basic.prl
2026-03-31 17:44:01,674 - aqt.updater - INFO - updater 13936 Patching C:\Qt-6.8.3\6.8.3\msvc2022_64\lib\Qt6QuickControls2Basicd.prl
2026-03-31 17:44:01,681 - aqt.updater - INFO - updater 13936 Patching C:\Qt-6.8.3\6.8.3\msvc2022_64\lib\Qt6QuickControls2BasicStyleImpl.prl
2026-03-31 17:44:01,682 - aqt.updater - INFO - updater 13936 Patching C:\Qt-6.8.3\6.8.3\msvc2022_64\lib\Qt6QuickControls2BasicStyleImpld.prl
2026-03-31 17:44:01,684 - aqt.updater - INFO - updater 13936 Patching C:\Qt-6.8.3\6.8.3\msvc2022_64\lib\Qt6QuickControls2d.prl
2026-03-31 17:44:01,685 - aqt.updater - INFO - updater 13936 Patching C:\Qt-6.8.3\6.8.3\msvc2022_64\lib\Qt6QuickControls2FluentWinUI3StyleImpl.prl
2026-03-31 17:44:01,687 - aqt.updater - INFO - updater 13936 Patching C:\Qt-6.8.3\6.8.3\msvc2022_64\lib\Qt6QuickControls2FluentWinUI3StyleImpld.prl
2026-03-31 17:44:01,694 - aqt.updater - INFO - updater 13936 Patching C:\Qt-6.8.3\6.8.3\msvc2022_64\lib\Qt6QuickControls2Fusion.prl
2026-03-31 17:44:01,695 - aqt.updater - INFO - updater 13936 Patching C:\Qt-6.8.3\6.8.3\msvc2022_64\lib\Qt6QuickControls2Fusiond.prl
2026-03-31 17:44:01,697 - aqt.updater - INFO - updater 13936 Patching C:\Qt-6.8.3\6.8.3\msvc2022_64\lib\Qt6QuickControls2FusionStyleImpl.prl
2026-03-31 17:44:01,698 - aqt.updater - INFO - updater 13936 Patching C:\Qt-6.8.3\6.8.3\msvc2022_64\lib\Qt6QuickControls2FusionStyleImpld.prl
2026-03-31 17:44:01,700 - aqt.updater - INFO - updater 13936 Patching C:\Qt-6.8.3\6.8.3\msvc2022_64\lib\Qt6QuickControls2Imagine.prl
2026-03-31 17:44:01,701 - aqt.updater - INFO - updater 13936 Patching C:\Qt-6.8.3\6.8.3\msvc2022_64\lib\Qt6QuickControls2Imagined.prl
2026-03-31 17:44:01,708 - aqt.updater - INFO - updater 13936 Patching C:\Qt-6.8.3\6.8.3\msvc2022_64\lib\Qt6QuickControls2ImagineStyleImpl.prl
2026-03-31 17:44:01,710 - aqt.updater - INFO - updater 13936 Patching C:\Qt-6.8.3\6.8.3\msvc2022_64\lib\Qt6QuickControls2ImagineStyleImpld.prl
2026-03-31 17:44:01,712 - aqt.updater - INFO - updater 13936 Patching C:\Qt-6.8.3\6.8.3\msvc2022_64\lib\Qt6QuickControls2Impl.prl
2026-03-31 17:44:01,713 - aqt.updater - INFO - updater 13936 Patching C:\Qt-6.8.3\6.8.3\msvc2022_64\lib\Qt6QuickControls2Impld.prl
2026-03-31 17:44:01,719 - aqt.updater - INFO - updater 13936 Patching C:\Qt-6.8.3\6.8.3\msvc2022_64\lib\Qt6QuickControls2Material.prl
2026-03-31 17:44:01,721 - aqt.updater - INFO - updater 13936 Patching C:\Qt-6.8.3\6.8.3\msvc2022_64\lib\Qt6QuickControls2Materiald.prl
2026-03-31 17:44:01,722 - aqt.updater - INFO - updater 13936 Patching C:\Qt-6.8.3\6.8.3\msvc2022_64\lib\Qt6QuickControls2MaterialStyleImpl.prl
2026-03-31 17:44:01,723 - aqt.updater - INFO - updater 13936 Patching C:\Qt-6.8.3\6.8.3\msvc2022_64\lib\Qt6QuickControls2MaterialStyleImpld.prl
2026-03-31 17:44:01,724 - aqt.updater - INFO - updater 13936 Patching C:\Qt-6.8.3\6.8.3\msvc2022_64\lib\Qt6QuickControls2Universal.prl
2026-03-31 17:44:01,726 - aqt.updater - INFO - updater 13936 Patching C:\Qt-6.8.3\6.8.3\msvc2022_64\lib\Qt6QuickControls2Universald.prl
2026-03-31 17:44:01,727 - aqt.updater - INFO - updater 13936 Patching C:\Qt-6.8.3\6.8.3\msvc2022_64\lib\Qt6QuickControls2UniversalStyleImpl.prl
2026-03-31 17:44:01,729 - aqt.updater - INFO - updater 13936 Patching C:\Qt-6.8.3\6.8.3\msvc2022_64\lib\Qt6QuickControls2UniversalStyleImpld.prl
2026-03-31 17:44:01,730 - aqt.updater - INFO - updater 13936 Patching C:\Qt-6.8.3\6.8.3\msvc2022_64\lib\Qt6QuickControls2WindowsStyleImpl.prl
2026-03-31 17:44:01,738 - aqt.updater - INFO - updater 13936 Patching C:\Qt-6.8.3\6.8.3\msvc2022_64\lib\Qt6QuickControls2WindowsStyleImpld.prl
2026-03-31 17:44:01,744 - aqt.updater - INFO - updater 13936 Patching C:\Qt-6.8.3\6.8.3\msvc2022_64\lib\Qt6QuickControlsTestUtils.prl
2026-03-31 17:44:01,746 - aqt.updater - INFO - updater 13936 Patching C:\Qt-6.8.3\6.8.3\msvc2022_64\lib\Qt6QuickControlsTestUtilsd.prl
2026-03-31 17:44:01,747 - aqt.updater - INFO - updater 13936 Patching C:\Qt-6.8.3\6.8.3\msvc2022_64\lib\Qt6Quickd.prl
2026-03-31 17:44:01,748 - aqt.updater - INFO - updater 13936 Patching C:\Qt-6.8.3\6.8.3\msvc2022_64\lib\Qt6QuickDialogs2.prl
2026-03-31 17:44:01,750 - aqt.updater - INFO - updater 13936 Patching C:\Qt-6.8.3\6.8.3\msvc2022_64\lib\Qt6QuickDialogs2d.prl
2026-03-31 17:44:01,751 - aqt.updater - INFO - updater 13936 Patching C:\Qt-6.8.3\6.8.3\msvc2022_64\lib\Qt6QuickDialogs2QuickImpl.prl
2026-03-31 17:44:01,752 - aqt.updater - INFO - updater 13936 Patching C:\Qt-6.8.3\6.8.3\msvc2022_64\lib\Qt6QuickDialogs2QuickImpld.prl
2026-03-31 17:44:01,754 - aqt.updater - INFO - updater 13936 Patching C:\Qt-6.8.3\6.8.3\msvc2022_64\lib\Qt6QuickDialogs2Utils.prl
2026-03-31 17:44:01,755 - aqt.updater - INFO - updater 13936 Patching C:\Qt-6.8.3\6.8.3\msvc2022_64\lib\Qt6QuickDialogs2Utilsd.prl
2026-03-31 17:44:01,756 - aqt.updater - INFO - updater 13936 Patching C:\Qt-6.8.3\6.8.3\msvc2022_64\lib\Qt6QuickEffects.prl
2026-03-31 17:44:01,758 - aqt.updater - INFO - updater 13936 Patching C:\Qt-6.8.3\6.8.3\msvc2022_64\lib\Qt6QuickEffectsd.prl
2026-03-31 17:44:01,759 - aqt.updater - INFO - updater 13936 Patching C:\Qt-6.8.3\6.8.3\msvc2022_64\lib\Qt6QuickLayouts.prl
2026-03-31 17:44:01,760 - aqt.updater - INFO - updater 13936 Patching C:\Qt-6.8.3\6.8.3\msvc2022_64\lib\Qt6QuickLayoutsd.prl
2026-03-31 17:44:01,767 - aqt.updater - INFO - updater 13936 Patching C:\Qt-6.8.3\6.8.3\msvc2022_64\lib\Qt6QuickParticles.prl
2026-03-31 17:44:01,769 - aqt.updater - INFO - updater 13936 Patching C:\Qt-6.8.3\6.8.3\msvc2022_64\lib\Qt6QuickParticlesd.prl
2026-03-31 17:44:01,770 - aqt.updater - INFO - updater 13936 Patching C:\Qt-6.8.3\6.8.3\msvc2022_64\lib\Qt6QuickShapes.prl
2026-03-31 17:44:01,771 - aqt.updater - INFO - updater 13936 Patching C:\Qt-6.8.3\6.8.3\msvc2022_64\lib\Qt6QuickShapesd.prl
2026-03-31 17:44:01,773 - aqt.updater - INFO - updater 13936 Patching C:\Qt-6.8.3\6.8.3\msvc2022_64\lib\Qt6QuickTemplates2.prl
2026-03-31 17:44:01,774 - aqt.updater - INFO - updater 13936 Patching C:\Qt-6.8.3\6.8.3\msvc2022_64\lib\Qt6QuickTemplates2d.prl
2026-03-31 17:44:01,775 - aqt.updater - INFO - updater 13936 Patching C:\Qt-6.8.3\6.8.3\msvc2022_64\lib\Qt6QuickTest.prl
2026-03-31 17:44:01,783 - aqt.updater - INFO - updater 13936 Patching C:\Qt-6.8.3\6.8.3\msvc2022_64\lib\Qt6QuickTestd.prl
2026-03-31 17:44:01,785 - aqt.updater - INFO - updater 13936 Patching C:\Qt-6.8.3\6.8.3\msvc2022_64\lib\Qt6QuickTestUtils.prl
2026-03-31 17:44:01,787 - aqt.updater - INFO - updater 13936 Patching C:\Qt-6.8.3\6.8.3\msvc2022_64\lib\Qt6QuickTestUtilsd.prl
2026-03-31 17:44:01,788 - aqt.updater - INFO - updater 13936 Patching C:\Qt-6.8.3\6.8.3\msvc2022_64\lib\Qt6QuickVectorImage.prl
2026-03-31 17:44:01,789 - aqt.updater - INFO - updater 13936 Patching C:\Qt-6.8.3\6.8.3\msvc2022_64\lib\Qt6QuickVectorImaged.prl
2026-03-31 17:44:01,791 - aqt.updater - INFO - updater 13936 Patching C:\Qt-6.8.3\6.8.3\msvc2022_64\lib\Qt6QuickVectorImageGenerator.prl
2026-03-31 17:44:01,792 - aqt.updater - INFO - updater 13936 Patching C:\Qt-6.8.3\6.8.3\msvc2022_64\lib\Qt6QuickVectorImageGeneratord.prl
2026-03-31 17:44:01,793 - aqt.updater - INFO - updater 13936 Patching C:\Qt-6.8.3\6.8.3\msvc2022_64\lib\Qt6QuickWidgets.prl
2026-03-31 17:44:01,794 - aqt.updater - INFO - updater 13936 Patching C:\Qt-6.8.3\6.8.3\msvc2022_64\lib\Qt6QuickWidgetsd.prl
2026-03-31 17:44:01,796 - aqt.updater - INFO - updater 13936 Patching C:\Qt-6.8.3\6.8.3\msvc2022_64\lib\Qt6ShaderTools.prl
2026-03-31 17:44:01,797 - aqt.updater - INFO - updater 13936 Patching C:\Qt-6.8.3\6.8.3\msvc2022_64\lib\Qt6ShaderToolsd.prl
2026-03-31 17:44:01,798 - aqt.updater - INFO - updater 13936 Patching C:\Qt-6.8.3\6.8.3\msvc2022_64\lib\Qt6SpatialAudio.prl
2026-03-31 17:44:01,799 - aqt.updater - INFO - updater 13936 Patching C:\Qt-6.8.3\6.8.3\msvc2022_64\lib\Qt6SpatialAudiod.prl
2026-03-31 17:44:01,801 - aqt.updater - INFO - updater 13936 Patching C:\Qt-6.8.3\6.8.3\msvc2022_64\lib\Qt6Sql.prl
2026-03-31 17:44:01,806 - aqt.updater - INFO - updater 13936 Patching C:\Qt-6.8.3\6.8.3\msvc2022_64\lib\Qt6Sqld.prl
2026-03-31 17:44:01,807 - aqt.updater - INFO - updater 13936 Patching C:\Qt-6.8.3\6.8.3\msvc2022_64\lib\Qt6Svg.prl
2026-03-31 17:44:01,809 - aqt.updater - INFO - updater 13936 Patching C:\Qt-6.8.3\6.8.3\msvc2022_64\lib\Qt6Svgd.prl
2026-03-31 17:44:01,810 - aqt.updater - INFO - updater 13936 Patching C:\Qt-6.8.3\6.8.3\msvc2022_64\lib\Qt6SvgWidgets.prl
2026-03-31 17:44:01,811 - aqt.updater - INFO - updater 13936 Patching C:\Qt-6.8.3\6.8.3\msvc2022_64\lib\Qt6SvgWidgetsd.prl
2026-03-31 17:44:01,812 - aqt.updater - INFO - updater 13936 Patching C:\Qt-6.8.3\6.8.3\msvc2022_64\lib\Qt6Test.prl
2026-03-31 17:44:01,813 - aqt.updater - INFO - updater 13936 Patching C:\Qt-6.8.3\6.8.3\msvc2022_64\lib\Qt6Testd.prl
2026-03-31 17:44:01,815 - aqt.updater - INFO - updater 13936 Patching C:\Qt-6.8.3\6.8.3\msvc2022_64\lib\Qt6UiTools.prl
2026-03-31 17:44:01,816 - aqt.updater - INFO - updater 13936 Patching C:\Qt-6.8.3\6.8.3\msvc2022_64\lib\Qt6UiToolsd.prl
2026-03-31 17:44:01,817 - aqt.updater - INFO - updater 13936 Patching C:\Qt-6.8.3\6.8.3\msvc2022_64\lib\Qt6WebChannel.prl
2026-03-31 17:44:01,825 - aqt.updater - INFO - updater 13936 Patching C:\Qt-6.8.3\6.8.3\msvc2022_64\lib\Qt6WebChanneld.prl
2026-03-31 17:44:01,834 - aqt.updater - INFO - updater 13936 Patching C:\Qt-6.8.3\6.8.3\msvc2022_64\lib\Qt6WebChannelQuick.prl
2026-03-31 17:44:01,840 - aqt.updater - INFO - updater 13936 Patching C:\Qt-6.8.3\6.8.3\msvc2022_64\lib\Qt6WebChannelQuickd.prl
2026-03-31 17:44:01,846 - aqt.updater - INFO - updater 13936 Patching C:\Qt-6.8.3\6.8.3\msvc2022_64\lib\Qt6WebEngineCore.prl
2026-03-31 17:44:01,853 - aqt.updater - INFO - updater 13936 Patching C:\Qt-6.8.3\6.8.3\msvc2022_64\lib\Qt6WebEngineCored.prl
2026-03-31 17:44:01,858 - aqt.updater - INFO - updater 13936 Patching C:\Qt-6.8.3\6.8.3\msvc2022_64\lib\Qt6WebEngineQuick.prl
2026-03-31 17:44:01,864 - aqt.updater - INFO - updater 13936 Patching C:\Qt-6.8.3\6.8.3\msvc2022_64\lib\Qt6WebEngineQuickd.prl
2026-03-31 17:44:01,870 - aqt.updater - INFO - updater 13936 Patching C:\Qt-6.8.3\6.8.3\msvc2022_64\lib\Qt6WebEngineQuickDelegatesQml.prl
2026-03-31 17:44:01,875 - aqt.updater - INFO - updater 13936 Patching C:\Qt-6.8.3\6.8.3\msvc2022_64\lib\Qt6WebEngineQuickDelegatesQmld.prl
2026-03-31 17:44:01,883 - aqt.updater - INFO - updater 13936 Patching C:\Qt-6.8.3\6.8.3\msvc2022_64\lib\Qt6WebEngineWidgets.prl
2026-03-31 17:44:01,888 - aqt.updater - INFO - updater 13936 Patching C:\Qt-6.8.3\6.8.3\msvc2022_64\lib\Qt6WebEngineWidgetsd.prl
2026-03-31 17:44:01,893 - aqt.updater - INFO - updater 13936 Patching C:\Qt-6.8.3\6.8.3\msvc2022_64\lib\Qt6Widgets.prl
2026-03-31 17:44:01,895 - aqt.updater - INFO - updater 13936 Patching C:\Qt-6.8.3\6.8.3\msvc2022_64\lib\Qt6Widgetsd.prl
2026-03-31 17:44:01,896 - aqt.updater - INFO - updater 13936 Patching C:\Qt-6.8.3\6.8.3\msvc2022_64\lib\Qt6Xml.prl
2026-03-31 17:44:01,903 - aqt.updater - INFO - updater 13936 Patching C:\Qt-6.8.3\6.8.3\msvc2022_64\lib\Qt6Xmld.prl
2026-03-31 17:44:01,904 - aqt.main - INFO - installer 13936 Finished installation
2026-03-31 17:44:01,905 - aqt.main - INFO - installer 13936 Time elapsed: 50.75462370 second
