2026-03-31 17:40:56,832 - aqt.helper - DEBUG - helper 21048 Attempt to download checksum at https://download.qt.io/online/qtsdkrepository/windows_x86/desktop/qt6_683/qt6_683/Updates.xml.sha256
2026-03-31 17:40:58,351 - aqt.helper - DEBUG - helper 21048 Attempt to download checksum at https://download.qt.io/online/qtsdkrepository/windows_x86/extensions/qtpdf/683/msvc2022_64/Updates.xml.sha256
2026-03-31 17:40:59,578 - aqt.helper - DEBUG - helper 21048 Attempt to download checksum at https://download.qt.io/online/qtsdkrepository/windows_x86/extensions/qtwebengine/683/msvc2022_64/Updates.xml.sha256
2026-03-31 17:41:07,678 - aqt.main - INFO - installer 4900 aqtinstall(aqt) v3.3.0 on Python 3.14.3 [CPython MSC v.1944 64 bit (AMD64)]
2026-03-31 17:41:07,678 - aqt.helper - DEBUG - helper 4900 Attempt to download checksum at https://download.qt.io/online/qtsdkrepository/windows_x86/desktop/qt6_683/qt6_683/Updates.xml.sha256
2026-03-31 17:41:08,965 - aqt.helper - DEBUG - helper 4900 Attempt to download checksum at https://download.qt.io/online/qtsdkrepository/windows_x86/extensions/qtwebengine/683/msvc2022_64/Updates.xml.sha256
2026-03-31 17:41:10,230 - aqt.archives - INFO - archives 4900 Found extension qtwebengine
2026-03-31 17:41:10,230 - aqt.helper - DEBUG - helper 4900 Attempt to download checksum at https://download.qt.io/online/qtsdkrepository/windows_x86/extensions/qtpdf/683/msvc2022_64/Updates.xml.sha256
2026-03-31 17:41:11,527 - aqt.archives - INFO - archives 4900 Found extension qtpdf
2026-03-31 17:41:11,978 - aqt.helper - DEBUG - helper 21916 Attempt to download checksum at https://download.qt.io/online/qtsdkrepository/windows_x86/desktop/qt6_683/qt6_683/qt.qt6.683.addons.qtwebchannel.win64_msvc2022_64/6.8.3-0-202503201308qtwebchannel-Windows-Windows_11_23H2-MSVC2022-Windows-Windows_11_23H2-X86_64.7z.sha256
2026-03-31 17:41:11,978 - aqt.helper - DEBUG - helper 10532 Attempt to download checksum at https://download.qt.io/online/qtsdkrepository/windows_x86/desktop/qt6_683/qt6_683/qt.qt6.683.win64_msvc2022_64/6.8.3-0-202503201308qtbase-Windows-Windows_11_23H2-MSVC2022-Windows-Windows_11_23H2-X86_64.7z.sha256
2026-03-31 17:41:11,978 - aqt.helper - DEBUG - helper 22836 Attempt to download checksum at https://download.qt.io/online/qtsdkrepository/windows_x86/desktop/qt6_683/qt6_683/qt.qt6.683.win64_msvc2022_64/6.8.3-0-202503201308qtsvg-Windows-Windows_11_23H2-MSVC2022-Windows-Windows_11_23H2-X86_64.7z.sha256
2026-03-31 17:41:11,979 - aqt.helper - DEBUG - helper 21160 Attempt to download checksum at https://download.qt.io/online/qtsdkrepository/windows_x86/desktop/qt6_683/qt6_683/qt.qt6.683.win64_msvc2022_64/6.8.3-0-202503201308qtdeclarative-Windows-Windows_11_23H2-MSVC2022-Windows-Windows_11_23H2-X86_64.7z.sha256
2026-03-31 17:41:12,890 - aqt.helper - INFO - helper 10532 Downloading qtbase...
2026-03-31 17:41:12,890 - aqt.helper - INFO - helper 21916 Downloading qtwebchannel...
2026-03-31 17:41:12,891 - aqt.installer - DEBUG - installer 10532 Download URL: https://download.qt.io/online/qtsdkrepository/windows_x86/desktop/qt6_683/qt6_683/qt.qt6.683.win64_msvc2022_64/6.8.3-0-202503201308qtbase-Windows-Windows_11_23H2-MSVC2022-Windows-Windows_11_23H2-X86_64.7z
2026-03-31 17:41:12,891 - aqt.installer - DEBUG - installer 21916 Download URL: https://download.qt.io/online/qtsdkrepository/windows_x86/desktop/qt6_683/qt6_683/qt.qt6.683.addons.qtwebchannel.win64_msvc2022_64/6.8.3-0-202503201308qtwebchannel-Windows-Windows_11_23H2-MSVC2022-Windows-Windows_11_23H2-X86_64.7z
2026-03-31 17:41:13,005 - aqt.helper - INFO - helper 22836 Downloading qtsvg...
2026-03-31 17:41:13,005 - aqt.helper - INFO - helper 21160 Downloading qtdeclarative...
2026-03-31 17:41:13,006 - aqt.installer - DEBUG - installer 22836 Download URL: https://download.qt.io/online/qtsdkrepository/windows_x86/desktop/qt6_683/qt6_683/qt.qt6.683.win64_msvc2022_64/6.8.3-0-202503201308qtsvg-Windows-Windows_11_23H2-MSVC2022-Windows-Windows_11_23H2-X86_64.7z
2026-03-31 17:41:13,006 - aqt.installer - DEBUG - installer 21160 Download URL: https://download.qt.io/online/qtsdkrepository/windows_x86/desktop/qt6_683/qt6_683/qt.qt6.683.win64_msvc2022_64/6.8.3-0-202503201308qtdeclarative-Windows-Windows_11_23H2-MSVC2022-Windows-Windows_11_23H2-X86_64.7z
2026-03-31 17:41:13,872 - aqt.helper - DEBUG - helper 10532 Asked to redirect(302) to: https://www.nic.funet.fi/pub/mirrors/download.qt-project.org/online/qtsdkrepository/windows_x86/desktop/qt6_683/qt6_683/qt.qt6.683.win64_msvc2022_64/6.8.3-0-202503201308qtbase-Windows-Windows_11_23H2-MSVC2022-Windows-Windows_11_23H2-X86_64.7z
2026-03-31 17:41:13,872 - aqt.helper - INFO - helper 10532 Redirected: www.nic.funet.fi
2026-03-31 17:41:13,874 - aqt.helper - DEBUG - helper 21916 Asked to redirect(302) to: https://www.nic.funet.fi/pub/mirrors/download.qt-project.org/online/qtsdkrepository/windows_x86/desktop/qt6_683/qt6_683/qt.qt6.683.addons.qtwebchannel.win64_msvc2022_64/6.8.3-0-202503201308qtwebchannel-Windows-Windows_11_23H2-MSVC2022-Windows-Windows_11_23H2-X86_64.7z
2026-03-31 17:41:13,874 - aqt.helper - INFO - helper 21916 Redirected: www.nic.funet.fi
2026-03-31 17:41:13,988 - aqt.helper - DEBUG - helper 22836 Asked to redirect(302) to: https://www.nic.funet.fi/pub/mirrors/download.qt-project.org/online/qtsdkrepository/windows_x86/desktop/qt6_683/qt6_683/qt.qt6.683.win64_msvc2022_64/6.8.3-0-202503201308qtsvg-Windows-Windows_11_23H2-MSVC2022-Windows-Windows_11_23H2-X86_64.7z
2026-03-31 17:41:13,988 - aqt.helper - INFO - helper 22836 Redirected: www.nic.funet.fi
2026-03-31 17:41:13,992 - aqt.helper - DEBUG - helper 21160 Asked to redirect(302) to: https://www.nic.funet.fi/pub/mirrors/download.qt-project.org/online/qtsdkrepository/windows_x86/desktop/qt6_683/qt6_683/qt.qt6.683.win64_msvc2022_64/6.8.3-0-202503201308qtdeclarative-Windows-Windows_11_23H2-MSVC2022-Windows-Windows_11_23H2-X86_64.7z
2026-03-31 17:41:13,992 - aqt.helper - INFO - helper 21160 Redirected: www.nic.funet.fi
2026-03-31 17:41:15,438 - aqt.installer - INFO - installer 21916 Finished installation of qtwebchannel-Windows-Windows_11_23H2-MSVC2022-Windows-Windows_11_23H2-X86_64.7z in 3.46237580
2026-03-31 17:41:15,454 - aqt.helper - DEBUG - helper 21916 Attempt to download checksum at https://download.qt.io/online/qtsdkrepository/windows_x86/desktop/qt6_683/qt6_683/qt.qt6.683.win64_msvc2022_64/6.8.3-0-202503201308qttools-Windows-Windows_11_23H2-MSVC2022-Windows-Windows_11_23H2-X86_64.7z.sha256
2026-03-31 17:41:15,499 - aqt.installer - INFO - installer 22836 Finished installation of qtsvg-Windows-Windows_11_23H2-MSVC2022-Windows-Windows_11_23H2-X86_64.7z in 3.52291460
2026-03-31 17:41:15,512 - aqt.helper - DEBUG - helper 22836 Attempt to download checksum at https://download.qt.io/online/qtsdkrepository/windows_x86/desktop/qt6_683/qt6_683/qt.qt6.683.win64_msvc2022_64/6.8.3-0-202503201308qttranslations-Windows-Windows_11_23H2-MSVC2022-Windows-Windows_11_23H2-X86_64.7z.sha256
2026-03-31 17:41:16,429 - aqt.helper - INFO - helper 21916 Downloading qttools...
2026-03-31 17:41:16,430 - aqt.installer - DEBUG - installer 21916 Download URL: https://download.qt.io/online/qtsdkrepository/windows_x86/desktop/qt6_683/qt6_683/qt.qt6.683.win64_msvc2022_64/6.8.3-0-202503201308qttools-Windows-Windows_11_23H2-MSVC2022-Windows-Windows_11_23H2-X86_64.7z
2026-03-31 17:41:17,297 - aqt.helper - DEBUG - helper 21916 Asked to redirect(302) to: https://www.nic.funet.fi/pub/mirrors/download.qt-project.org/online/qtsdkrepository/windows_x86/desktop/qt6_683/qt6_683/qt.qt6.683.win64_msvc2022_64/6.8.3-0-202503201308qttools-Windows-Windows_11_23H2-MSVC2022-Windows-Windows_11_23H2-X86_64.7z
2026-03-31 17:41:17,297 - aqt.helper - INFO - helper 21916 Redirected: www.nic.funet.fi
2026-03-31 17:41:17,603 - aqt.helper - INFO - helper 22836 Downloading qttranslations...
2026-03-31 17:41:17,604 - aqt.installer - DEBUG - installer 22836 Download URL: https://download.qt.io/online/qtsdkrepository/windows_x86/desktop/qt6_683/qt6_683/qt.qt6.683.win64_msvc2022_64/6.8.3-0-202503201308qttranslations-Windows-Windows_11_23H2-MSVC2022-Windows-Windows_11_23H2-X86_64.7z
2026-03-31 17:41:18,427 - aqt.helper - DEBUG - helper 22836 Asked to redirect(302) to: https://www.nic.funet.fi/pub/mirrors/download.qt-project.org/online/qtsdkrepository/windows_x86/desktop/qt6_683/qt6_683/qt.qt6.683.win64_msvc2022_64/6.8.3-0-202503201308qttranslations-Windows-Windows_11_23H2-MSVC2022-Windows-Windows_11_23H2-X86_64.7z
2026-03-31 17:41:18,427 - aqt.helper - INFO - helper 22836 Redirected: www.nic.funet.fi
2026-03-31 17:41:20,648 - aqt.installer - INFO - installer 22836 Finished installation of qttranslations-Windows-Windows_11_23H2-MSVC2022-Windows-Windows_11_23H2-X86_64.7z in 5.13853950
2026-03-31 17:41:20,663 - aqt.helper - DEBUG - helper 22836 Attempt to download checksum at https://download.qt.io/online/qtsdkrepository/windows_x86/desktop/qt6_683/qt6_683/qt.qt6.683.win64_msvc2022_64/6.8.3-0-202503201308d3dcompiler_47-x64.7z.sha256
2026-03-31 17:41:21,472 - aqt.helper - INFO - helper 22836 Downloading d3dcompiler_47...
2026-03-31 17:41:21,472 - aqt.installer - DEBUG - installer 22836 Download URL: https://download.qt.io/online/qtsdkrepository/windows_x86/desktop/qt6_683/qt6_683/qt.qt6.683.win64_msvc2022_64/6.8.3-0-202503201308d3dcompiler_47-x64.7z
2026-03-31 17:41:22,209 - aqt.helper - DEBUG - helper 22836 Asked to redirect(302) to: https://www.nic.funet.fi/pub/mirrors/download.qt-project.org/online/qtsdkrepository/windows_x86/desktop/qt6_683/qt6_683/qt.qt6.683.win64_msvc2022_64/6.8.3-0-202503201308d3dcompiler_47-x64.7z
2026-03-31 17:41:22,209 - aqt.helper - INFO - helper 22836 Redirected: www.nic.funet.fi
2026-03-31 17:41:23,729 - aqt.installer - INFO - installer 22836 Finished installation of d3dcompiler_47-x64.7z in 3.06804930
2026-03-31 17:41:23,747 - aqt.helper - DEBUG - helper 22836 Attempt to download checksum at https://download.qt.io/online/qtsdkrepository/windows_x86/desktop/qt6_683/qt6_683/qt.qt6.683.win64_msvc2022_64/6.8.3-0-202503201308opengl32sw-64-mesa_11_2_2-signed_sha256.7z.sha256
2026-03-31 17:41:24,422 - aqt.helper - INFO - helper 22836 Downloading opengl32sw...
2026-03-31 17:41:24,423 - aqt.installer - DEBUG - installer 22836 Download URL: https://download.qt.io/online/qtsdkrepository/windows_x86/desktop/qt6_683/qt6_683/qt.qt6.683.win64_msvc2022_64/6.8.3-0-202503201308opengl32sw-64-mesa_11_2_2-signed_sha256.7z
2026-03-31 17:41:24,637 - aqt.installer - INFO - installer 21916 Finished installation of qttools-Windows-Windows_11_23H2-MSVC2022-Windows-Windows_11_23H2-X86_64.7z in 9.18626740
2026-03-31 17:41:24,653 - aqt.helper - DEBUG - helper 21916 Attempt to download checksum at https://download.qt.io/online/qtsdkrepository/windows_x86/extensions/qtwebengine/683/msvc2022_64/extensions.qtwebengine.683.win64_msvc2022_64/6.8.3-0-202503201424qtwebengine-Windows-Windows_11_23H2-MSVC2022-Windows-Windows_11_23H2-X86_64.7z.sha256
2026-03-31 17:41:24,742 - aqt.installer - INFO - installer 10532 Finished installation of qtbase-Windows-Windows_11_23H2-MSVC2022-Windows-Windows_11_23H2-X86_64.7z in 12.76606210
2026-03-31 17:41:25,117 - aqt.helper - DEBUG - helper 22836 Asked to redirect(302) to: https://www.nic.funet.fi/pub/mirrors/download.qt-project.org/online/qtsdkrepository/windows_x86/desktop/qt6_683/qt6_683/qt.qt6.683.win64_msvc2022_64/6.8.3-0-202503201308opengl32sw-64-mesa_11_2_2-signed_sha256.7z
2026-03-31 17:41:25,117 - aqt.helper - INFO - helper 22836 Redirected: www.nic.funet.fi
2026-03-31 17:41:25,337 - aqt.helper - INFO - helper 21916 Downloading qtwebengine...
2026-03-31 17:41:25,337 - aqt.installer - DEBUG - installer 21916 Download URL: https://download.qt.io/online/qtsdkrepository/windows_x86/extensions/qtwebengine/683/msvc2022_64/extensions.qtwebengine.683.win64_msvc2022_64/6.8.3-0-202503201424qtwebengine-Windows-Windows_11_23H2-MSVC2022-Windows-Windows_11_23H2-X86_64.7z
2026-03-31 17:41:26,053 - aqt.helper - DEBUG - helper 21916 Asked to redirect(302) to: https://www.nic.funet.fi/pub/mirrors/download.qt-project.org/online/qtsdkrepository/windows_x86/extensions/qtwebengine/683/msvc2022_64/extensions.qtwebengine.683.win64_msvc2022_64/6.8.3-0-202503201424qtwebengine-Windows-Windows_11_23H2-MSVC2022-Windows-Windows_11_23H2-X86_64.7z
2026-03-31 17:41:26,054 - aqt.helper - INFO - helper 21916 Redirected: www.nic.funet.fi
2026-03-31 17:41:27,321 - aqt.installer - INFO - installer 22836 Finished installation of opengl32sw-64-mesa_11_2_2-signed_sha256.7z in 3.57609620
2026-03-31 17:42:08,519 - aqt.installer - INFO - installer 21160 Finished installation of qtdeclarative-Windows-Windows_11_23H2-MSVC2022-Windows-Windows_11_23H2-X86_64.7z in 56.54121460
2026-03-31 17:42:12,536 - aqt.installer - INFO - installer 21916 Finished installation of qtwebengine-Windows-Windows_11_23H2-MSVC2022-Windows-Windows_11_23H2-X86_64.7z in 47.88613650
2026-03-31 17:42:12,748 - aqt.updater - INFO - updater 4900 Patching C:\Qt-6.8.3\6.8.3\msvc2022_64\bin\qmake.exe
2026-03-31 17:42:12,755 - aqt.updater - INFO - updater 4900 Patching C:\Qt-6.8.3\6.8.3\msvc2022_64\lib\Qt6Concurrent.prl
2026-03-31 17:42:12,764 - aqt.updater - INFO - updater 4900 Patching C:\Qt-6.8.3\6.8.3\msvc2022_64\lib\Qt6Concurrentd.prl
2026-03-31 17:42:12,772 - aqt.updater - INFO - updater 4900 Patching C:\Qt-6.8.3\6.8.3\msvc2022_64\lib\Qt6Core.prl
2026-03-31 17:42:12,778 - aqt.updater - INFO - updater 4900 Patching C:\Qt-6.8.3\6.8.3\msvc2022_64\lib\Qt6Cored.prl
2026-03-31 17:42:12,785 - aqt.updater - INFO - updater 4900 Patching C:\Qt-6.8.3\6.8.3\msvc2022_64\lib\Qt6DBus.prl
2026-03-31 17:42:12,792 - aqt.updater - INFO - updater 4900 Patching C:\Qt-6.8.3\6.8.3\msvc2022_64\lib\Qt6DBusd.prl
2026-03-31 17:42:12,797 - aqt.updater - INFO - updater 4900 Patching C:\Qt-6.8.3\6.8.3\msvc2022_64\lib\Qt6Designer.prl
2026-03-31 17:42:12,803 - aqt.updater - INFO - updater 4900 Patching C:\Qt-6.8.3\6.8.3\msvc2022_64\lib\Qt6DesignerComponents.prl
2026-03-31 17:42:12,810 - aqt.updater - INFO - updater 4900 Patching C:\Qt-6.8.3\6.8.3\msvc2022_64\lib\Qt6DesignerComponentsd.prl
2026-03-31 17:42:12,816 - aqt.updater - INFO - updater 4900 Patching C:\Qt-6.8.3\6.8.3\msvc2022_64\lib\Qt6Designerd.prl
2026-03-31 17:42:12,823 - aqt.updater - INFO - updater 4900 Patching C:\Qt-6.8.3\6.8.3\msvc2022_64\lib\Qt6DeviceDiscoverySupport.prl
2026-03-31 17:42:12,829 - aqt.updater - INFO - updater 4900 Patching C:\Qt-6.8.3\6.8.3\msvc2022_64\lib\Qt6DeviceDiscoverySupportd.prl
2026-03-31 17:42:12,836 - aqt.updater - INFO - updater 4900 Patching C:\Qt-6.8.3\6.8.3\msvc2022_64\lib\Qt6EntryPoint.prl
2026-03-31 17:42:12,842 - aqt.updater - INFO - updater 4900 Patching C:\Qt-6.8.3\6.8.3\msvc2022_64\lib\Qt6EntryPointd.prl
2026-03-31 17:42:12,848 - aqt.updater - INFO - updater 4900 Patching C:\Qt-6.8.3\6.8.3\msvc2022_64\lib\Qt6ExampleIcons.prl
2026-03-31 17:42:12,856 - aqt.updater - INFO - updater 4900 Patching C:\Qt-6.8.3\6.8.3\msvc2022_64\lib\Qt6ExampleIconsd.prl
2026-03-31 17:42:12,862 - aqt.updater - INFO - updater 4900 Patching C:\Qt-6.8.3\6.8.3\msvc2022_64\lib\Qt6ExamplesAssetDownloader.prl
2026-03-31 17:42:12,869 - aqt.updater - INFO - updater 4900 Patching C:\Qt-6.8.3\6.8.3\msvc2022_64\lib\Qt6ExamplesAssetDownloaderd.prl
2026-03-31 17:42:12,876 - aqt.updater - INFO - updater 4900 Patching C:\Qt-6.8.3\6.8.3\msvc2022_64\lib\Qt6FbSupport.prl
2026-03-31 17:42:12,884 - aqt.updater - INFO - updater 4900 Patching C:\Qt-6.8.3\6.8.3\msvc2022_64\lib\Qt6FbSupportd.prl
2026-03-31 17:42:12,891 - aqt.updater - INFO - updater 4900 Patching C:\Qt-6.8.3\6.8.3\msvc2022_64\lib\Qt6FFmpegMediaPluginImpl.prl
2026-03-31 17:42:12,898 - aqt.updater - INFO - updater 4900 Patching C:\Qt-6.8.3\6.8.3\msvc2022_64\lib\Qt6FFmpegMediaPluginImpld.prl
2026-03-31 17:42:12,906 - aqt.updater - INFO - updater 4900 Patching C:\Qt-6.8.3\6.8.3\msvc2022_64\lib\Qt6Gui.prl
2026-03-31 17:42:12,913 - aqt.updater - INFO - updater 4900 Patching C:\Qt-6.8.3\6.8.3\msvc2022_64\lib\Qt6Guid.prl
2026-03-31 17:42:12,919 - aqt.updater - INFO - updater 4900 Patching C:\Qt-6.8.3\6.8.3\msvc2022_64\lib\Qt6Help.prl
2026-03-31 17:42:12,926 - aqt.updater - INFO - updater 4900 Patching C:\Qt-6.8.3\6.8.3\msvc2022_64\lib\Qt6Helpd.prl
2026-03-31 17:42:12,931 - aqt.updater - INFO - updater 4900 Patching C:\Qt-6.8.3\6.8.3\msvc2022_64\lib\Qt6LabsAnimation.prl
2026-03-31 17:42:12,938 - aqt.updater - INFO - updater 4900 Patching C:\Qt-6.8.3\6.8.3\msvc2022_64\lib\Qt6LabsAnimationd.prl
2026-03-31 17:42:12,944 - aqt.updater - INFO - updater 4900 Patching C:\Qt-6.8.3\6.8.3\msvc2022_64\lib\Qt6LabsFolderListModel.prl
2026-03-31 17:42:12,950 - aqt.updater - INFO - updater 4900 Patching C:\Qt-6.8.3\6.8.3\msvc2022_64\lib\Qt6LabsFolderListModeld.prl
2026-03-31 17:42:12,957 - aqt.updater - INFO - updater 4900 Patching C:\Qt-6.8.3\6.8.3\msvc2022_64\lib\Qt6LabsPlatform.prl
2026-03-31 17:42:12,963 - aqt.updater - INFO - updater 4900 Patching C:\Qt-6.8.3\6.8.3\msvc2022_64\lib\Qt6LabsPlatformd.prl
2026-03-31 17:42:12,971 - aqt.updater - INFO - updater 4900 Patching C:\Qt-6.8.3\6.8.3\msvc2022_64\lib\Qt6LabsQmlModels.prl
2026-03-31 17:42:12,977 - aqt.updater - INFO - updater 4900 Patching C:\Qt-6.8.3\6.8.3\msvc2022_64\lib\Qt6LabsQmlModelsd.prl
2026-03-31 17:42:12,983 - aqt.updater - INFO - updater 4900 Patching C:\Qt-6.8.3\6.8.3\msvc2022_64\lib\Qt6LabsSettings.prl
2026-03-31 17:42:12,990 - aqt.updater - INFO - updater 4900 Patching C:\Qt-6.8.3\6.8.3\msvc2022_64\lib\Qt6LabsSettingsd.prl
2026-03-31 17:42:12,996 - aqt.updater - INFO - updater 4900 Patching C:\Qt-6.8.3\6.8.3\msvc2022_64\lib\Qt6LabsSharedImage.prl
2026-03-31 17:42:13,004 - aqt.updater - INFO - updater 4900 Patching C:\Qt-6.8.3\6.8.3\msvc2022_64\lib\Qt6LabsSharedImaged.prl
2026-03-31 17:42:13,011 - aqt.updater - INFO - updater 4900 Patching C:\Qt-6.8.3\6.8.3\msvc2022_64\lib\Qt6LabsWavefrontMesh.prl
2026-03-31 17:42:13,017 - aqt.updater - INFO - updater 4900 Patching C:\Qt-6.8.3\6.8.3\msvc2022_64\lib\Qt6LabsWavefrontMeshd.prl
2026-03-31 17:42:13,024 - aqt.updater - INFO - updater 4900 Patching C:\Qt-6.8.3\6.8.3\msvc2022_64\lib\Qt6Multimedia.prl
2026-03-31 17:42:13,030 - aqt.updater - INFO - updater 4900 Patching C:\Qt-6.8.3\6.8.3\msvc2022_64\lib\Qt6Multimediad.prl
2026-03-31 17:42:13,037 - aqt.updater - INFO - updater 4900 Patching C:\Qt-6.8.3\6.8.3\msvc2022_64\lib\Qt6MultimediaQuick.prl
2026-03-31 17:42:13,043 - aqt.updater - INFO - updater 4900 Patching C:\Qt-6.8.3\6.8.3\msvc2022_64\lib\Qt6MultimediaQuickd.prl
2026-03-31 17:42:13,051 - aqt.updater - INFO - updater 4900 Patching C:\Qt-6.8.3\6.8.3\msvc2022_64\lib\Qt6MultimediaTestLib.prl
2026-03-31 17:42:13,059 - aqt.updater - INFO - updater 4900 Patching C:\Qt-6.8.3\6.8.3\msvc2022_64\lib\Qt6MultimediaTestLibd.prl
2026-03-31 17:42:13,067 - aqt.updater - INFO - updater 4900 Patching C:\Qt-6.8.3\6.8.3\msvc2022_64\lib\Qt6MultimediaWidgets.prl
2026-03-31 17:42:13,074 - aqt.updater - INFO - updater 4900 Patching C:\Qt-6.8.3\6.8.3\msvc2022_64\lib\Qt6MultimediaWidgetsd.prl
2026-03-31 17:42:13,080 - aqt.updater - INFO - updater 4900 Patching C:\Qt-6.8.3\6.8.3\msvc2022_64\lib\Qt6Network.prl
2026-03-31 17:42:13,087 - aqt.updater - INFO - updater 4900 Patching C:\Qt-6.8.3\6.8.3\msvc2022_64\lib\Qt6Networkd.prl
2026-03-31 17:42:13,093 - aqt.updater - INFO - updater 4900 Patching C:\Qt-6.8.3\6.8.3\msvc2022_64\lib\Qt6OpenGL.prl
2026-03-31 17:42:13,099 - aqt.updater - INFO - updater 4900 Patching C:\Qt-6.8.3\6.8.3\msvc2022_64\lib\Qt6OpenGLd.prl
2026-03-31 17:42:13,105 - aqt.updater - INFO - updater 4900 Patching C:\Qt-6.8.3\6.8.3\msvc2022_64\lib\Qt6OpenGLWidgets.prl
2026-03-31 17:42:13,112 - aqt.updater - INFO - updater 4900 Patching C:\Qt-6.8.3\6.8.3\msvc2022_64\lib\Qt6OpenGLWidgetsd.prl
2026-03-31 17:42:13,119 - aqt.updater - INFO - updater 4900 Patching C:\Qt-6.8.3\6.8.3\msvc2022_64\lib\Qt6PacketProtocol.prl
2026-03-31 17:42:13,126 - aqt.updater - INFO - updater 4900 Patching C:\Qt-6.8.3\6.8.3\msvc2022_64\lib\Qt6PacketProtocold.prl
2026-03-31 17:42:13,138 - aqt.updater - INFO - updater 4900 Patching C:\Qt-6.8.3\6.8.3\msvc2022_64\lib\Qt6PrintSupport.prl
2026-03-31 17:42:13,147 - aqt.updater - INFO - updater 4900 Patching C:\Qt-6.8.3\6.8.3\msvc2022_64\lib\Qt6PrintSupportd.prl
2026-03-31 17:42:13,157 - aqt.updater - INFO - updater 4900 Patching C:\Qt-6.8.3\6.8.3\msvc2022_64\lib\Qt6Qml.prl
2026-03-31 17:42:13,167 - aqt.updater - INFO - updater 4900 Patching C:\Qt-6.8.3\6.8.3\msvc2022_64\lib\Qt6QmlAssetDownloader.prl
2026-03-31 17:42:13,177 - aqt.updater - INFO - updater 4900 Patching C:\Qt-6.8.3\6.8.3\msvc2022_64\lib\Qt6QmlAssetDownloaderd.prl
2026-03-31 17:42:13,186 - aqt.updater - INFO - updater 4900 Patching C:\Qt-6.8.3\6.8.3\msvc2022_64\lib\Qt6QmlCompiler.prl
2026-03-31 17:42:13,194 - aqt.updater - INFO - updater 4900 Patching C:\Qt-6.8.3\6.8.3\msvc2022_64\lib\Qt6QmlCompilerd.prl
2026-03-31 17:42:13,200 - aqt.updater - INFO - updater 4900 Patching C:\Qt-6.8.3\6.8.3\msvc2022_64\lib\Qt6QmlCore.prl
2026-03-31 17:42:13,207 - aqt.updater - INFO - updater 4900 Patching C:\Qt-6.8.3\6.8.3\msvc2022_64\lib\Qt6QmlCored.prl
2026-03-31 17:42:13,214 - aqt.updater - INFO - updater 4900 Patching C:\Qt-6.8.3\6.8.3\msvc2022_64\lib\Qt6Qmld.prl
2026-03-31 17:42:13,227 - aqt.updater - INFO - updater 4900 Patching C:\Qt-6.8.3\6.8.3\msvc2022_64\lib\Qt6QmlDebug.prl
2026-03-31 17:42:13,240 - aqt.updater - INFO - updater 4900 Patching C:\Qt-6.8.3\6.8.3\msvc2022_64\lib\Qt6QmlDebugd.prl
2026-03-31 17:42:13,247 - aqt.updater - INFO - updater 4900 Patching C:\Qt-6.8.3\6.8.3\msvc2022_64\lib\Qt6QmlDom.prl
2026-03-31 17:42:13,255 - aqt.updater - INFO - updater 4900 Patching C:\Qt-6.8.3\6.8.3\msvc2022_64\lib\Qt6QmlDomd.prl
2026-03-31 17:42:13,263 - aqt.updater - INFO - updater 4900 Patching C:\Qt-6.8.3\6.8.3\msvc2022_64\lib\Qt6QmlLocalStorage.prl
2026-03-31 17:42:13,270 - aqt.updater - INFO - updater 4900 Patching C:\Qt-6.8.3\6.8.3\msvc2022_64\lib\Qt6QmlLocalStoraged.prl
2026-03-31 17:42:13,277 - aqt.updater - INFO - updater 4900 Patching C:\Qt-6.8.3\6.8.3\msvc2022_64\lib\Qt6QmlLS.prl
2026-03-31 17:42:13,284 - aqt.updater - INFO - updater 4900 Patching C:\Qt-6.8.3\6.8.3\msvc2022_64\lib\Qt6QmlLSd.prl
2026-03-31 17:42:13,289 - aqt.updater - INFO - updater 4900 Patching C:\Qt-6.8.3\6.8.3\msvc2022_64\lib\Qt6QmlMeta.prl
2026-03-31 17:42:13,294 - aqt.updater - INFO - updater 4900 Patching C:\Qt-6.8.3\6.8.3\msvc2022_64\lib\Qt6QmlMetad.prl
2026-03-31 17:42:13,299 - aqt.updater - INFO - updater 4900 Patching C:\Qt-6.8.3\6.8.3\msvc2022_64\lib\Qt6QmlModels.prl
2026-03-31 17:42:13,305 - aqt.updater - INFO - updater 4900 Patching C:\Qt-6.8.3\6.8.3\msvc2022_64\lib\Qt6QmlModelsd.prl
2026-03-31 17:42:13,312 - aqt.updater - INFO - updater 4900 Patching C:\Qt-6.8.3\6.8.3\msvc2022_64\lib\Qt6QmlNetwork.prl
2026-03-31 17:42:13,320 - aqt.updater - INFO - updater 4900 Patching C:\Qt-6.8.3\6.8.3\msvc2022_64\lib\Qt6QmlNetworkd.prl
2026-03-31 17:42:13,326 - aqt.updater - INFO - updater 4900 Patching C:\Qt-6.8.3\6.8.3\msvc2022_64\lib\Qt6QmlToolingSettings.prl
2026-03-31 17:42:13,333 - aqt.updater - INFO - updater 4900 Patching C:\Qt-6.8.3\6.8.3\msvc2022_64\lib\Qt6QmlToolingSettingsd.prl
2026-03-31 17:42:13,339 - aqt.updater - INFO - updater 4900 Patching C:\Qt-6.8.3\6.8.3\msvc2022_64\lib\Qt6QmlTypeRegistrar.prl
2026-03-31 17:42:13,345 - aqt.updater - INFO - updater 4900 Patching C:\Qt-6.8.3\6.8.3\msvc2022_64\lib\Qt6QmlTypeRegistrard.prl
2026-03-31 17:42:13,352 - aqt.updater - INFO - updater 4900 Patching C:\Qt-6.8.3\6.8.3\msvc2022_64\lib\Qt6QmlWorkerScript.prl
2026-03-31 17:42:13,359 - aqt.updater - INFO - updater 4900 Patching C:\Qt-6.8.3\6.8.3\msvc2022_64\lib\Qt6QmlWorkerScriptd.prl
2026-03-31 17:42:13,366 - aqt.updater - INFO - updater 4900 Patching C:\Qt-6.8.3\6.8.3\msvc2022_64\lib\Qt6QmlXmlListModel.prl
2026-03-31 17:42:13,373 - aqt.updater - INFO - updater 4900 Patching C:\Qt-6.8.3\6.8.3\msvc2022_64\lib\Qt6QmlXmlListModeld.prl
2026-03-31 17:42:13,379 - aqt.updater - INFO - updater 4900 Patching C:\Qt-6.8.3\6.8.3\msvc2022_64\lib\Qt6Quick.prl
2026-03-31 17:42:13,386 - aqt.updater - INFO - updater 4900 Patching C:\Qt-6.8.3\6.8.3\msvc2022_64\lib\Qt6Quick3DSpatialAudio.prl
2026-03-31 17:42:13,393 - aqt.updater - INFO - updater 4900 Patching C:\Qt-6.8.3\6.8.3\msvc2022_64\lib\Qt6Quick3DSpatialAudiod.prl
2026-03-31 17:42:13,400 - aqt.updater - INFO - updater 4900 Patching C:\Qt-6.8.3\6.8.3\msvc2022_64\lib\Qt6QuickControls2.prl
2026-03-31 17:42:13,406 - aqt.updater - INFO - updater 4900 Patching C:\Qt-6.8.3\6.8.3\msvc2022_64\lib\Qt6QuickControls2Basic.prl
2026-03-31 17:42:13,412 - aqt.updater - INFO - updater 4900 Patching C:\Qt-6.8.3\6.8.3\msvc2022_64\lib\Qt6QuickControls2Basicd.prl
2026-03-31 17:42:13,419 - aqt.updater - INFO - updater 4900 Patching C:\Qt-6.8.3\6.8.3\msvc2022_64\lib\Qt6QuickControls2BasicStyleImpl.prl
2026-03-31 17:42:13,425 - aqt.updater - INFO - updater 4900 Patching C:\Qt-6.8.3\6.8.3\msvc2022_64\lib\Qt6QuickControls2BasicStyleImpld.prl
2026-03-31 17:42:13,432 - aqt.updater - INFO - updater 4900 Patching C:\Qt-6.8.3\6.8.3\msvc2022_64\lib\Qt6QuickControls2d.prl
2026-03-31 17:42:13,439 - aqt.updater - INFO - updater 4900 Patching C:\Qt-6.8.3\6.8.3\msvc2022_64\lib\Qt6QuickControls2FluentWinUI3StyleImpl.prl
2026-03-31 17:42:13,446 - aqt.updater - INFO - updater 4900 Patching C:\Qt-6.8.3\6.8.3\msvc2022_64\lib\Qt6QuickControls2FluentWinUI3StyleImpld.prl
2026-03-31 17:42:13,453 - aqt.updater - INFO - updater 4900 Patching C:\Qt-6.8.3\6.8.3\msvc2022_64\lib\Qt6QuickControls2Fusion.prl
2026-03-31 17:42:13,459 - aqt.updater - INFO - updater 4900 Patching C:\Qt-6.8.3\6.8.3\msvc2022_64\lib\Qt6QuickControls2Fusiond.prl
2026-03-31 17:42:13,468 - aqt.updater - INFO - updater 4900 Patching C:\Qt-6.8.3\6.8.3\msvc2022_64\lib\Qt6QuickControls2FusionStyleImpl.prl
2026-03-31 17:42:13,475 - aqt.updater - INFO - updater 4900 Patching C:\Qt-6.8.3\6.8.3\msvc2022_64\lib\Qt6QuickControls2FusionStyleImpld.prl
2026-03-31 17:42:13,481 - aqt.updater - INFO - updater 4900 Patching C:\Qt-6.8.3\6.8.3\msvc2022_64\lib\Qt6QuickControls2Imagine.prl
2026-03-31 17:42:13,489 - aqt.updater - INFO - updater 4900 Patching C:\Qt-6.8.3\6.8.3\msvc2022_64\lib\Qt6QuickControls2Imagined.prl
2026-03-31 17:42:13,495 - aqt.updater - INFO - updater 4900 Patching C:\Qt-6.8.3\6.8.3\msvc2022_64\lib\Qt6QuickControls2ImagineStyleImpl.prl
2026-03-31 17:42:13,502 - aqt.updater - INFO - updater 4900 Patching C:\Qt-6.8.3\6.8.3\msvc2022_64\lib\Qt6QuickControls2ImagineStyleImpld.prl
2026-03-31 17:42:13,507 - aqt.updater - INFO - updater 4900 Patching C:\Qt-6.8.3\6.8.3\msvc2022_64\lib\Qt6QuickControls2Impl.prl
2026-03-31 17:42:13,513 - aqt.updater - INFO - updater 4900 Patching C:\Qt-6.8.3\6.8.3\msvc2022_64\lib\Qt6QuickControls2Impld.prl
2026-03-31 17:42:13,520 - aqt.updater - INFO - updater 4900 Patching C:\Qt-6.8.3\6.8.3\msvc2022_64\lib\Qt6QuickControls2Material.prl
2026-03-31 17:42:13,526 - aqt.updater - INFO - updater 4900 Patching C:\Qt-6.8.3\6.8.3\msvc2022_64\lib\Qt6QuickControls2Materiald.prl
2026-03-31 17:42:13,533 - aqt.updater - INFO - updater 4900 Patching C:\Qt-6.8.3\6.8.3\msvc2022_64\lib\Qt6QuickControls2MaterialStyleImpl.prl
2026-03-31 17:42:13,541 - aqt.updater - INFO - updater 4900 Patching C:\Qt-6.8.3\6.8.3\msvc2022_64\lib\Qt6QuickControls2MaterialStyleImpld.prl
2026-03-31 17:42:13,548 - aqt.updater - INFO - updater 4900 Patching C:\Qt-6.8.3\6.8.3\msvc2022_64\lib\Qt6QuickControls2Universal.prl
2026-03-31 17:42:13,555 - aqt.updater - INFO - updater 4900 Patching C:\Qt-6.8.3\6.8.3\msvc2022_64\lib\Qt6QuickControls2Universald.prl
2026-03-31 17:42:13,562 - aqt.updater - INFO - updater 4900 Patching C:\Qt-6.8.3\6.8.3\msvc2022_64\lib\Qt6QuickControls2UniversalStyleImpl.prl
2026-03-31 17:42:13,570 - aqt.updater - INFO - updater 4900 Patching C:\Qt-6.8.3\6.8.3\msvc2022_64\lib\Qt6QuickControls2UniversalStyleImpld.prl
2026-03-31 17:42:13,577 - aqt.updater - INFO - updater 4900 Patching C:\Qt-6.8.3\6.8.3\msvc2022_64\lib\Qt6QuickControls2WindowsStyleImpl.prl
2026-03-31 17:42:13,586 - aqt.updater - INFO - updater 4900 Patching C:\Qt-6.8.3\6.8.3\msvc2022_64\lib\Qt6QuickControls2WindowsStyleImpld.prl
2026-03-31 17:42:13,593 - aqt.updater - INFO - updater 4900 Patching C:\Qt-6.8.3\6.8.3\msvc2022_64\lib\Qt6QuickControlsTestUtils.prl
2026-03-31 17:42:13,602 - aqt.updater - INFO - updater 4900 Patching C:\Qt-6.8.3\6.8.3\msvc2022_64\lib\Qt6QuickControlsTestUtilsd.prl
2026-03-31 17:42:13,610 - aqt.updater - INFO - updater 4900 Patching C:\Qt-6.8.3\6.8.3\msvc2022_64\lib\Qt6Quickd.prl
2026-03-31 17:42:13,615 - aqt.updater - INFO - updater 4900 Patching C:\Qt-6.8.3\6.8.3\msvc2022_64\lib\Qt6QuickDialogs2.prl
2026-03-31 17:42:13,623 - aqt.updater - INFO - updater 4900 Patching C:\Qt-6.8.3\6.8.3\msvc2022_64\lib\Qt6QuickDialogs2d.prl
2026-03-31 17:42:13,629 - aqt.updater - INFO - updater 4900 Patching C:\Qt-6.8.3\6.8.3\msvc2022_64\lib\Qt6QuickDialogs2QuickImpl.prl
2026-03-31 17:42:13,636 - aqt.updater - INFO - updater 4900 Patching C:\Qt-6.8.3\6.8.3\msvc2022_64\lib\Qt6QuickDialogs2QuickImpld.prl
2026-03-31 17:42:13,642 - aqt.updater - INFO - updater 4900 Patching C:\Qt-6.8.3\6.8.3\msvc2022_64\lib\Qt6QuickDialogs2Utils.prl
2026-03-31 17:42:13,649 - aqt.updater - INFO - updater 4900 Patching C:\Qt-6.8.3\6.8.3\msvc2022_64\lib\Qt6QuickDialogs2Utilsd.prl
2026-03-31 17:42:13,656 - aqt.updater - INFO - updater 4900 Patching C:\Qt-6.8.3\6.8.3\msvc2022_64\lib\Qt6QuickEffects.prl
2026-03-31 17:42:13,663 - aqt.updater - INFO - updater 4900 Patching C:\Qt-6.8.3\6.8.3\msvc2022_64\lib\Qt6QuickEffectsd.prl
2026-03-31 17:42:13,670 - aqt.updater - INFO - updater 4900 Patching C:\Qt-6.8.3\6.8.3\msvc2022_64\lib\Qt6QuickLayouts.prl
2026-03-31 17:42:13,676 - aqt.updater - INFO - updater 4900 Patching C:\Qt-6.8.3\6.8.3\msvc2022_64\lib\Qt6QuickLayoutsd.prl
2026-03-31 17:42:13,683 - aqt.updater - INFO - updater 4900 Patching C:\Qt-6.8.3\6.8.3\msvc2022_64\lib\Qt6QuickParticles.prl
2026-03-31 17:42:13,690 - aqt.updater - INFO - updater 4900 Patching C:\Qt-6.8.3\6.8.3\msvc2022_64\lib\Qt6QuickParticlesd.prl
2026-03-31 17:42:13,696 - aqt.updater - INFO - updater 4900 Patching C:\Qt-6.8.3\6.8.3\msvc2022_64\lib\Qt6QuickShapes.prl
2026-03-31 17:42:13,703 - aqt.updater - INFO - updater 4900 Patching C:\Qt-6.8.3\6.8.3\msvc2022_64\lib\Qt6QuickShapesd.prl
2026-03-31 17:42:13,710 - aqt.updater - INFO - updater 4900 Patching C:\Qt-6.8.3\6.8.3\msvc2022_64\lib\Qt6QuickTemplates2.prl
2026-03-31 17:42:13,716 - aqt.updater - INFO - updater 4900 Patching C:\Qt-6.8.3\6.8.3\msvc2022_64\lib\Qt6QuickTemplates2d.prl
2026-03-31 17:42:13,723 - aqt.updater - INFO - updater 4900 Patching C:\Qt-6.8.3\6.8.3\msvc2022_64\lib\Qt6QuickTest.prl
2026-03-31 17:42:13,730 - aqt.updater - INFO - updater 4900 Patching C:\Qt-6.8.3\6.8.3\msvc2022_64\lib\Qt6QuickTestd.prl
2026-03-31 17:42:13,736 - aqt.updater - INFO - updater 4900 Patching C:\Qt-6.8.3\6.8.3\msvc2022_64\lib\Qt6QuickTestUtils.prl
2026-03-31 17:42:13,744 - aqt.updater - INFO - updater 4900 Patching C:\Qt-6.8.3\6.8.3\msvc2022_64\lib\Qt6QuickTestUtilsd.prl
2026-03-31 17:42:13,751 - aqt.updater - INFO - updater 4900 Patching C:\Qt-6.8.3\6.8.3\msvc2022_64\lib\Qt6QuickVectorImage.prl
2026-03-31 17:42:13,758 - aqt.updater - INFO - updater 4900 Patching C:\Qt-6.8.3\6.8.3\msvc2022_64\lib\Qt6QuickVectorImaged.prl
2026-03-31 17:42:13,764 - aqt.updater - INFO - updater 4900 Patching C:\Qt-6.8.3\6.8.3\msvc2022_64\lib\Qt6QuickVectorImageGenerator.prl
2026-03-31 17:42:13,771 - aqt.updater - INFO - updater 4900 Patching C:\Qt-6.8.3\6.8.3\msvc2022_64\lib\Qt6QuickVectorImageGeneratord.prl
2026-03-31 17:42:13,778 - aqt.updater - INFO - updater 4900 Patching C:\Qt-6.8.3\6.8.3\msvc2022_64\lib\Qt6QuickWidgets.prl
2026-03-31 17:42:13,784 - aqt.updater - INFO - updater 4900 Patching C:\Qt-6.8.3\6.8.3\msvc2022_64\lib\Qt6QuickWidgetsd.prl
2026-03-31 17:42:13,790 - aqt.updater - INFO - updater 4900 Patching C:\Qt-6.8.3\6.8.3\msvc2022_64\lib\Qt6ShaderTools.prl
2026-03-31 17:42:13,797 - aqt.updater - INFO - updater 4900 Patching C:\Qt-6.8.3\6.8.3\msvc2022_64\lib\Qt6ShaderToolsd.prl
2026-03-31 17:42:13,804 - aqt.updater - INFO - updater 4900 Patching C:\Qt-6.8.3\6.8.3\msvc2022_64\lib\Qt6SpatialAudio.prl
2026-03-31 17:42:13,810 - aqt.updater - INFO - updater 4900 Patching C:\Qt-6.8.3\6.8.3\msvc2022_64\lib\Qt6SpatialAudiod.prl
2026-03-31 17:42:13,817 - aqt.updater - INFO - updater 4900 Patching C:\Qt-6.8.3\6.8.3\msvc2022_64\lib\Qt6Sql.prl
2026-03-31 17:42:13,824 - aqt.updater - INFO - updater 4900 Patching C:\Qt-6.8.3\6.8.3\msvc2022_64\lib\Qt6Sqld.prl
2026-03-31 17:42:13,830 - aqt.updater - INFO - updater 4900 Patching C:\Qt-6.8.3\6.8.3\msvc2022_64\lib\Qt6Svg.prl
2026-03-31 17:42:13,840 - aqt.updater - INFO - updater 4900 Patching C:\Qt-6.8.3\6.8.3\msvc2022_64\lib\Qt6Svgd.prl
2026-03-31 17:42:13,849 - aqt.updater - INFO - updater 4900 Patching C:\Qt-6.8.3\6.8.3\msvc2022_64\lib\Qt6SvgWidgets.prl
2026-03-31 17:42:13,858 - aqt.updater - INFO - updater 4900 Patching C:\Qt-6.8.3\6.8.3\msvc2022_64\lib\Qt6SvgWidgetsd.prl
2026-03-31 17:42:13,870 - aqt.updater - INFO - updater 4900 Patching C:\Qt-6.8.3\6.8.3\msvc2022_64\lib\Qt6Test.prl
2026-03-31 17:42:13,878 - aqt.updater - INFO - updater 4900 Patching C:\Qt-6.8.3\6.8.3\msvc2022_64\lib\Qt6Testd.prl
2026-03-31 17:42:13,888 - aqt.updater - INFO - updater 4900 Patching C:\Qt-6.8.3\6.8.3\msvc2022_64\lib\Qt6UiTools.prl
2026-03-31 17:42:13,897 - aqt.updater - INFO - updater 4900 Patching C:\Qt-6.8.3\6.8.3\msvc2022_64\lib\Qt6UiToolsd.prl
2026-03-31 17:42:13,906 - aqt.updater - INFO - updater 4900 Patching C:\Qt-6.8.3\6.8.3\msvc2022_64\lib\Qt6WebChannel.prl
2026-03-31 17:42:13,915 - aqt.updater - INFO - updater 4900 Patching C:\Qt-6.8.3\6.8.3\msvc2022_64\lib\Qt6WebChanneld.prl
2026-03-31 17:42:13,922 - aqt.updater - INFO - updater 4900 Patching C:\Qt-6.8.3\6.8.3\msvc2022_64\lib\Qt6WebChannelQuick.prl
2026-03-31 17:42:13,929 - aqt.updater - INFO - updater 4900 Patching C:\Qt-6.8.3\6.8.3\msvc2022_64\lib\Qt6WebChannelQuickd.prl
2026-03-31 17:42:13,936 - aqt.updater - INFO - updater 4900 Patching C:\Qt-6.8.3\6.8.3\msvc2022_64\lib\Qt6WebEngineCore.prl
2026-03-31 17:42:13,942 - aqt.updater - INFO - updater 4900 Patching C:\Qt-6.8.3\6.8.3\msvc2022_64\lib\Qt6WebEngineCored.prl
2026-03-31 17:42:13,948 - aqt.updater - INFO - updater 4900 Patching C:\Qt-6.8.3\6.8.3\msvc2022_64\lib\Qt6WebEngineQuick.prl
2026-03-31 17:42:13,956 - aqt.updater - INFO - updater 4900 Patching C:\Qt-6.8.3\6.8.3\msvc2022_64\lib\Qt6WebEngineQuickd.prl
2026-03-31 17:42:13,963 - aqt.updater - INFO - updater 4900 Patching C:\Qt-6.8.3\6.8.3\msvc2022_64\lib\Qt6WebEngineQuickDelegatesQml.prl
2026-03-31 17:42:13,969 - aqt.updater - INFO - updater 4900 Patching C:\Qt-6.8.3\6.8.3\msvc2022_64\lib\Qt6WebEngineQuickDelegatesQmld.prl
2026-03-31 17:42:13,976 - aqt.updater - INFO - updater 4900 Patching C:\Qt-6.8.3\6.8.3\msvc2022_64\lib\Qt6WebEngineWidgets.prl
2026-03-31 17:42:13,981 - aqt.updater - INFO - updater 4900 Patching C:\Qt-6.8.3\6.8.3\msvc2022_64\lib\Qt6WebEngineWidgetsd.prl
2026-03-31 17:42:13,988 - aqt.updater - INFO - updater 4900 Patching C:\Qt-6.8.3\6.8.3\msvc2022_64\lib\Qt6Widgets.prl
2026-03-31 17:42:13,995 - aqt.updater - INFO - updater 4900 Patching C:\Qt-6.8.3\6.8.3\msvc2022_64\lib\Qt6Widgetsd.prl
2026-03-31 17:42:14,002 - aqt.updater - INFO - updater 4900 Patching C:\Qt-6.8.3\6.8.3\msvc2022_64\lib\Qt6Xml.prl
2026-03-31 17:42:14,008 - aqt.updater - INFO - updater 4900 Patching C:\Qt-6.8.3\6.8.3\msvc2022_64\lib\Qt6Xmld.prl
2026-03-31 17:42:14,013 - aqt.main - INFO - installer 4900 Finished installation
2026-03-31 17:42:14,014 - aqt.main - INFO - installer 4900 Time elapsed: 66.33572700 second
